ARM GAS  C:\Users\javier\AppData\Local\Temp\ccKJq17M.s 			page 1


   1              		.cpu cortex-m0
   2              		.fpu softvfp
   3              		.eabi_attribute 20, 1
   4              		.eabi_attribute 21, 1
   5              		.eabi_attribute 23, 3
   6              		.eabi_attribute 24, 1
   7              		.eabi_attribute 25, 1
   8              		.eabi_attribute 26, 1
   9              		.eabi_attribute 30, 6
  10              		.eabi_attribute 34, 0
  11              		.eabi_attribute 18, 4
  12              		.code	16
  13              		.file	"ADC_ACCELEROMETER_INT.c"
  14              		.text
  15              	.Ltext0:
  16              		.cfi_sections	.debug_frame
  17              		.section	.text.ADC_ACCELEROMETER_ISR,"ax",%progbits
  18              		.align	2
  19              		.global	ADC_ACCELEROMETER_ISR
  20              		.code	16
  21              		.thumb_func
  22              		.type	ADC_ACCELEROMETER_ISR, %function
  23              	ADC_ACCELEROMETER_ISR:
  24              	.LFB0:
  25              		.file 1 ".\\Generated_Source\\PSoC4\\ADC_ACCELEROMETER_INT.c"
   1:.\Generated_Source\PSoC4/ADC_ACCELEROMETER_INT.c **** /*******************************************************************************
   2:.\Generated_Source\PSoC4/ADC_ACCELEROMETER_INT.c **** * File Name: ADC_ACCELEROMETER_INT.c
   3:.\Generated_Source\PSoC4/ADC_ACCELEROMETER_INT.c **** * Version 1.10
   4:.\Generated_Source\PSoC4/ADC_ACCELEROMETER_INT.c **** *
   5:.\Generated_Source\PSoC4/ADC_ACCELEROMETER_INT.c **** *  Description:
   6:.\Generated_Source\PSoC4/ADC_ACCELEROMETER_INT.c **** *    This file contains the code that operates during the ADC_SAR interrupt
   7:.\Generated_Source\PSoC4/ADC_ACCELEROMETER_INT.c **** *    service routine.
   8:.\Generated_Source\PSoC4/ADC_ACCELEROMETER_INT.c **** *
   9:.\Generated_Source\PSoC4/ADC_ACCELEROMETER_INT.c **** *   Note:
  10:.\Generated_Source\PSoC4/ADC_ACCELEROMETER_INT.c **** *
  11:.\Generated_Source\PSoC4/ADC_ACCELEROMETER_INT.c **** ********************************************************************************
  12:.\Generated_Source\PSoC4/ADC_ACCELEROMETER_INT.c **** * Copyright 2008-2013, Cypress Semiconductor Corporation.  All rights reserved.
  13:.\Generated_Source\PSoC4/ADC_ACCELEROMETER_INT.c **** * You may use this file only in accordance with the license, terms, conditions,
  14:.\Generated_Source\PSoC4/ADC_ACCELEROMETER_INT.c **** * disclaimers, and limitations in the end user license agreement accompanying
  15:.\Generated_Source\PSoC4/ADC_ACCELEROMETER_INT.c **** * the software package with which this file was provided.
  16:.\Generated_Source\PSoC4/ADC_ACCELEROMETER_INT.c **** *******************************************************************************/
  17:.\Generated_Source\PSoC4/ADC_ACCELEROMETER_INT.c **** 
  18:.\Generated_Source\PSoC4/ADC_ACCELEROMETER_INT.c **** #include "CyLib.h"
  19:.\Generated_Source\PSoC4/ADC_ACCELEROMETER_INT.c **** #include "ADC_ACCELEROMETER.h"
  20:.\Generated_Source\PSoC4/ADC_ACCELEROMETER_INT.c **** 
  21:.\Generated_Source\PSoC4/ADC_ACCELEROMETER_INT.c **** 
  22:.\Generated_Source\PSoC4/ADC_ACCELEROMETER_INT.c **** /******************************************************************************
  23:.\Generated_Source\PSoC4/ADC_ACCELEROMETER_INT.c **** * Custom Declarations and Variables
  24:.\Generated_Source\PSoC4/ADC_ACCELEROMETER_INT.c **** * - add user inlcude files, prototypes and variables between the following
  25:.\Generated_Source\PSoC4/ADC_ACCELEROMETER_INT.c **** *   #START and #END tags
  26:.\Generated_Source\PSoC4/ADC_ACCELEROMETER_INT.c **** ******************************************************************************/
  27:.\Generated_Source\PSoC4/ADC_ACCELEROMETER_INT.c **** /* `#START ADC_SYS_VAR`  */
  28:.\Generated_Source\PSoC4/ADC_ACCELEROMETER_INT.c **** 
  29:.\Generated_Source\PSoC4/ADC_ACCELEROMETER_INT.c **** /* `#END`  */
  30:.\Generated_Source\PSoC4/ADC_ACCELEROMETER_INT.c **** 
  31:.\Generated_Source\PSoC4/ADC_ACCELEROMETER_INT.c **** #if(ADC_ACCELEROMETER_IRQ_REMOVE == 0u)
  32:.\Generated_Source\PSoC4/ADC_ACCELEROMETER_INT.c **** 
ARM GAS  C:\Users\javier\AppData\Local\Temp\ccKJq17M.s 			page 2


  33:.\Generated_Source\PSoC4/ADC_ACCELEROMETER_INT.c **** 
  34:.\Generated_Source\PSoC4/ADC_ACCELEROMETER_INT.c ****     /******************************************************************************
  35:.\Generated_Source\PSoC4/ADC_ACCELEROMETER_INT.c ****     * Function Name: ADC_ACCELEROMETER_ISR
  36:.\Generated_Source\PSoC4/ADC_ACCELEROMETER_INT.c ****     *******************************************************************************
  37:.\Generated_Source\PSoC4/ADC_ACCELEROMETER_INT.c ****     *
  38:.\Generated_Source\PSoC4/ADC_ACCELEROMETER_INT.c ****     * Summary:
  39:.\Generated_Source\PSoC4/ADC_ACCELEROMETER_INT.c ****     *  Handle Interrupt Service Routine.
  40:.\Generated_Source\PSoC4/ADC_ACCELEROMETER_INT.c ****     *
  41:.\Generated_Source\PSoC4/ADC_ACCELEROMETER_INT.c ****     * Parameters:
  42:.\Generated_Source\PSoC4/ADC_ACCELEROMETER_INT.c ****     *  None.
  43:.\Generated_Source\PSoC4/ADC_ACCELEROMETER_INT.c ****     *
  44:.\Generated_Source\PSoC4/ADC_ACCELEROMETER_INT.c ****     * Return:
  45:.\Generated_Source\PSoC4/ADC_ACCELEROMETER_INT.c ****     *  None.
  46:.\Generated_Source\PSoC4/ADC_ACCELEROMETER_INT.c ****     *
  47:.\Generated_Source\PSoC4/ADC_ACCELEROMETER_INT.c ****     * Reentrant:
  48:.\Generated_Source\PSoC4/ADC_ACCELEROMETER_INT.c ****     *  No.
  49:.\Generated_Source\PSoC4/ADC_ACCELEROMETER_INT.c ****     *
  50:.\Generated_Source\PSoC4/ADC_ACCELEROMETER_INT.c ****     ******************************************************************************/
  51:.\Generated_Source\PSoC4/ADC_ACCELEROMETER_INT.c ****     CY_ISR( ADC_ACCELEROMETER_ISR )
  52:.\Generated_Source\PSoC4/ADC_ACCELEROMETER_INT.c ****     {
  26              		.loc 1 52 0
  27              		.cfi_startproc
  28 0000 80B5     		push	{r7, lr}
  29              	.LCFI0:
  30              		.cfi_def_cfa_offset 8
  31              		.cfi_offset 7, -8
  32              		.cfi_offset 14, -4
  33 0002 82B0     		sub	sp, sp, #8
  34              	.LCFI1:
  35              		.cfi_def_cfa_offset 16
  36 0004 00AF     		add	r7, sp, #0
  37              	.LCFI2:
  38              		.cfi_def_cfa_register 7
  53:.\Generated_Source\PSoC4/ADC_ACCELEROMETER_INT.c ****         uint32 intr_status;
  54:.\Generated_Source\PSoC4/ADC_ACCELEROMETER_INT.c **** 
  55:.\Generated_Source\PSoC4/ADC_ACCELEROMETER_INT.c ****         /* Read interrupt status register */
  56:.\Generated_Source\PSoC4/ADC_ACCELEROMETER_INT.c ****         intr_status = ADC_ACCELEROMETER_SAR_INTR_REG;
  39              		.loc 1 56 0
  40 0006 044B     		ldr	r3, .L2
  41 0008 1B68     		ldr	r3, [r3]
  42 000a 7B60     		str	r3, [r7, #4]
  57:.\Generated_Source\PSoC4/ADC_ACCELEROMETER_INT.c **** 
  58:.\Generated_Source\PSoC4/ADC_ACCELEROMETER_INT.c ****         /************************************************************************
  59:.\Generated_Source\PSoC4/ADC_ACCELEROMETER_INT.c ****         *  Custom Code
  60:.\Generated_Source\PSoC4/ADC_ACCELEROMETER_INT.c ****         *  - add user ISR code between the following #START and #END tags
  61:.\Generated_Source\PSoC4/ADC_ACCELEROMETER_INT.c ****         *************************************************************************/
  62:.\Generated_Source\PSoC4/ADC_ACCELEROMETER_INT.c ****         /* `#START MAIN_ADC_ISR`  */
  63:.\Generated_Source\PSoC4/ADC_ACCELEROMETER_INT.c **** 
  64:.\Generated_Source\PSoC4/ADC_ACCELEROMETER_INT.c ****         /* `#END`  */
  65:.\Generated_Source\PSoC4/ADC_ACCELEROMETER_INT.c **** 
  66:.\Generated_Source\PSoC4/ADC_ACCELEROMETER_INT.c ****         /* Clear handled interrupt */
  67:.\Generated_Source\PSoC4/ADC_ACCELEROMETER_INT.c ****         ADC_ACCELEROMETER_SAR_INTR_REG = intr_status;
  43              		.loc 1 67 0
  44 000c 024B     		ldr	r3, .L2
  45 000e 7A68     		ldr	r2, [r7, #4]
  46 0010 1A60     		str	r2, [r3]
  68:.\Generated_Source\PSoC4/ADC_ACCELEROMETER_INT.c ****     }
ARM GAS  C:\Users\javier\AppData\Local\Temp\ccKJq17M.s 			page 3


  47              		.loc 1 68 0
  48 0012 BD46     		mov	sp, r7
  49 0014 02B0     		add	sp, sp, #8
  50              		@ sp needed for prologue
  51 0016 80BD     		pop	{r7, pc}
  52              	.L3:
  53              		.align	2
  54              	.L2:
  55 0018 10021A40 		.word	1075446288
  56              		.cfi_endproc
  57              	.LFE0:
  58              		.size	ADC_ACCELEROMETER_ISR, .-ADC_ACCELEROMETER_ISR
  59              		.text
  60              	.Letext0:
  61              		.file 2 ".\\Generated_Source\\PSoC4\\cytypes.h"
  62              		.section	.debug_info,"",%progbits
  63              	.Ldebug_info0:
  64 0000 C8000000 		.4byte	0xc8
  65 0004 0200     		.2byte	0x2
  66 0006 00000000 		.4byte	.Ldebug_abbrev0
  67 000a 04       		.byte	0x4
  68 000b 01       		.uleb128 0x1
  69 000c 6F000000 		.4byte	.LASF15
  70 0010 01       		.byte	0x1
  71 0011 10010000 		.4byte	.LASF16
  72 0015 22000000 		.4byte	.LASF17
  73 0019 00000000 		.4byte	.Ldebug_ranges0+0
  74 001d 00000000 		.4byte	0
  75 0021 00000000 		.4byte	0
  76 0025 00000000 		.4byte	.Ldebug_line0
  77 0029 02       		.uleb128 0x2
  78 002a 01       		.byte	0x1
  79 002b 06       		.byte	0x6
  80 002c 5A010000 		.4byte	.LASF0
  81 0030 02       		.uleb128 0x2
  82 0031 01       		.byte	0x1
  83 0032 08       		.byte	0x8
  84 0033 ED000000 		.4byte	.LASF1
  85 0037 02       		.uleb128 0x2
  86 0038 02       		.byte	0x2
  87 0039 05       		.byte	0x5
  88 003a 6C010000 		.4byte	.LASF2
  89 003e 02       		.uleb128 0x2
  90 003f 02       		.byte	0x2
  91 0040 07       		.byte	0x7
  92 0041 47010000 		.4byte	.LASF3
  93 0045 02       		.uleb128 0x2
  94 0046 04       		.byte	0x4
  95 0047 05       		.byte	0x5
  96 0048 00010000 		.4byte	.LASF4
  97 004c 02       		.uleb128 0x2
  98 004d 04       		.byte	0x4
  99 004e 07       		.byte	0x7
 100 004f B8000000 		.4byte	.LASF5
 101 0053 02       		.uleb128 0x2
 102 0054 08       		.byte	0x8
 103 0055 05       		.byte	0x5
ARM GAS  C:\Users\javier\AppData\Local\Temp\ccKJq17M.s 			page 4


 104 0056 00000000 		.4byte	.LASF6
 105 005a 02       		.uleb128 0x2
 106 005b 08       		.byte	0x8
 107 005c 07       		.byte	0x7
 108 005d CA000000 		.4byte	.LASF7
 109 0061 03       		.uleb128 0x3
 110 0062 04       		.byte	0x4
 111 0063 05       		.byte	0x5
 112 0064 696E7400 		.ascii	"int\000"
 113 0068 02       		.uleb128 0x2
 114 0069 04       		.byte	0x4
 115 006a 07       		.byte	0x7
 116 006b 15000000 		.4byte	.LASF8
 117 006f 04       		.uleb128 0x4
 118 0070 0E000000 		.4byte	.LASF12
 119 0074 02       		.byte	0x2
 120 0075 5D       		.byte	0x5d
 121 0076 4C000000 		.4byte	0x4c
 122 007a 02       		.uleb128 0x2
 123 007b 04       		.byte	0x4
 124 007c 04       		.byte	0x4
 125 007d 66010000 		.4byte	.LASF9
 126 0081 02       		.uleb128 0x2
 127 0082 08       		.byte	0x8
 128 0083 04       		.byte	0x4
 129 0084 09010000 		.4byte	.LASF10
 130 0088 02       		.uleb128 0x2
 131 0089 01       		.byte	0x1
 132 008a 08       		.byte	0x8
 133 008b FB000000 		.4byte	.LASF11
 134 008f 04       		.uleb128 0x4
 135 0090 41010000 		.4byte	.LASF13
 136 0094 02       		.byte	0x2
 137 0095 F2       		.byte	0xf2
 138 0096 9A000000 		.4byte	0x9a
 139 009a 05       		.uleb128 0x5
 140 009b 6F000000 		.4byte	0x6f
 141 009f 02       		.uleb128 0x2
 142 00a0 04       		.byte	0x4
 143 00a1 07       		.byte	0x7
 144 00a2 76010000 		.4byte	.LASF14
 145 00a6 06       		.uleb128 0x6
 146 00a7 01       		.byte	0x1
 147 00a8 59000000 		.4byte	.LASF18
 148 00ac 01       		.byte	0x1
 149 00ad 33       		.byte	0x33
 150 00ae 01       		.byte	0x1
 151 00af 00000000 		.4byte	.LFB0
 152 00b3 1C000000 		.4byte	.LFE0
 153 00b7 00000000 		.4byte	.LLST0
 154 00bb 01       		.byte	0x1
 155 00bc 07       		.uleb128 0x7
 156 00bd E1000000 		.4byte	.LASF19
 157 00c1 01       		.byte	0x1
 158 00c2 35       		.byte	0x35
 159 00c3 6F000000 		.4byte	0x6f
 160 00c7 02       		.byte	0x2
ARM GAS  C:\Users\javier\AppData\Local\Temp\ccKJq17M.s 			page 5


 161 00c8 91       		.byte	0x91
 162 00c9 74       		.sleb128 -12
 163 00ca 00       		.byte	0
 164 00cb 00       		.byte	0
 165              		.section	.debug_abbrev,"",%progbits
 166              	.Ldebug_abbrev0:
 167 0000 01       		.uleb128 0x1
 168 0001 11       		.uleb128 0x11
 169 0002 01       		.byte	0x1
 170 0003 25       		.uleb128 0x25
 171 0004 0E       		.uleb128 0xe
 172 0005 13       		.uleb128 0x13
 173 0006 0B       		.uleb128 0xb
 174 0007 03       		.uleb128 0x3
 175 0008 0E       		.uleb128 0xe
 176 0009 1B       		.uleb128 0x1b
 177 000a 0E       		.uleb128 0xe
 178 000b 55       		.uleb128 0x55
 179 000c 06       		.uleb128 0x6
 180 000d 11       		.uleb128 0x11
 181 000e 01       		.uleb128 0x1
 182 000f 52       		.uleb128 0x52
 183 0010 01       		.uleb128 0x1
 184 0011 10       		.uleb128 0x10
 185 0012 06       		.uleb128 0x6
 186 0013 00       		.byte	0
 187 0014 00       		.byte	0
 188 0015 02       		.uleb128 0x2
 189 0016 24       		.uleb128 0x24
 190 0017 00       		.byte	0
 191 0018 0B       		.uleb128 0xb
 192 0019 0B       		.uleb128 0xb
 193 001a 3E       		.uleb128 0x3e
 194 001b 0B       		.uleb128 0xb
 195 001c 03       		.uleb128 0x3
 196 001d 0E       		.uleb128 0xe
 197 001e 00       		.byte	0
 198 001f 00       		.byte	0
 199 0020 03       		.uleb128 0x3
 200 0021 24       		.uleb128 0x24
 201 0022 00       		.byte	0
 202 0023 0B       		.uleb128 0xb
 203 0024 0B       		.uleb128 0xb
 204 0025 3E       		.uleb128 0x3e
 205 0026 0B       		.uleb128 0xb
 206 0027 03       		.uleb128 0x3
 207 0028 08       		.uleb128 0x8
 208 0029 00       		.byte	0
 209 002a 00       		.byte	0
 210 002b 04       		.uleb128 0x4
 211 002c 16       		.uleb128 0x16
 212 002d 00       		.byte	0
 213 002e 03       		.uleb128 0x3
 214 002f 0E       		.uleb128 0xe
 215 0030 3A       		.uleb128 0x3a
 216 0031 0B       		.uleb128 0xb
 217 0032 3B       		.uleb128 0x3b
ARM GAS  C:\Users\javier\AppData\Local\Temp\ccKJq17M.s 			page 6


 218 0033 0B       		.uleb128 0xb
 219 0034 49       		.uleb128 0x49
 220 0035 13       		.uleb128 0x13
 221 0036 00       		.byte	0
 222 0037 00       		.byte	0
 223 0038 05       		.uleb128 0x5
 224 0039 35       		.uleb128 0x35
 225 003a 00       		.byte	0
 226 003b 49       		.uleb128 0x49
 227 003c 13       		.uleb128 0x13
 228 003d 00       		.byte	0
 229 003e 00       		.byte	0
 230 003f 06       		.uleb128 0x6
 231 0040 2E       		.uleb128 0x2e
 232 0041 01       		.byte	0x1
 233 0042 3F       		.uleb128 0x3f
 234 0043 0C       		.uleb128 0xc
 235 0044 03       		.uleb128 0x3
 236 0045 0E       		.uleb128 0xe
 237 0046 3A       		.uleb128 0x3a
 238 0047 0B       		.uleb128 0xb
 239 0048 3B       		.uleb128 0x3b
 240 0049 0B       		.uleb128 0xb
 241 004a 27       		.uleb128 0x27
 242 004b 0C       		.uleb128 0xc
 243 004c 11       		.uleb128 0x11
 244 004d 01       		.uleb128 0x1
 245 004e 12       		.uleb128 0x12
 246 004f 01       		.uleb128 0x1
 247 0050 40       		.uleb128 0x40
 248 0051 06       		.uleb128 0x6
 249 0052 9742     		.uleb128 0x2117
 250 0054 0C       		.uleb128 0xc
 251 0055 00       		.byte	0
 252 0056 00       		.byte	0
 253 0057 07       		.uleb128 0x7
 254 0058 34       		.uleb128 0x34
 255 0059 00       		.byte	0
 256 005a 03       		.uleb128 0x3
 257 005b 0E       		.uleb128 0xe
 258 005c 3A       		.uleb128 0x3a
 259 005d 0B       		.uleb128 0xb
 260 005e 3B       		.uleb128 0x3b
 261 005f 0B       		.uleb128 0xb
 262 0060 49       		.uleb128 0x49
 263 0061 13       		.uleb128 0x13
 264 0062 02       		.uleb128 0x2
 265 0063 0A       		.uleb128 0xa
 266 0064 00       		.byte	0
 267 0065 00       		.byte	0
 268 0066 00       		.byte	0
 269              		.section	.debug_loc,"",%progbits
 270              	.Ldebug_loc0:
 271              	.LLST0:
 272 0000 00000000 		.4byte	.LFB0
 273 0004 02000000 		.4byte	.LCFI0
 274 0008 0200     		.2byte	0x2
ARM GAS  C:\Users\javier\AppData\Local\Temp\ccKJq17M.s 			page 7


 275 000a 7D       		.byte	0x7d
 276 000b 00       		.sleb128 0
 277 000c 02000000 		.4byte	.LCFI0
 278 0010 04000000 		.4byte	.LCFI1
 279 0014 0200     		.2byte	0x2
 280 0016 7D       		.byte	0x7d
 281 0017 08       		.sleb128 8
 282 0018 04000000 		.4byte	.LCFI1
 283 001c 06000000 		.4byte	.LCFI2
 284 0020 0200     		.2byte	0x2
 285 0022 7D       		.byte	0x7d
 286 0023 10       		.sleb128 16
 287 0024 06000000 		.4byte	.LCFI2
 288 0028 1C000000 		.4byte	.LFE0
 289 002c 0200     		.2byte	0x2
 290 002e 77       		.byte	0x77
 291 002f 10       		.sleb128 16
 292 0030 00000000 		.4byte	0
 293 0034 00000000 		.4byte	0
 294              		.section	.debug_aranges,"",%progbits
 295 0000 1C000000 		.4byte	0x1c
 296 0004 0200     		.2byte	0x2
 297 0006 00000000 		.4byte	.Ldebug_info0
 298 000a 04       		.byte	0x4
 299 000b 00       		.byte	0
 300 000c 0000     		.2byte	0
 301 000e 0000     		.2byte	0
 302 0010 00000000 		.4byte	.LFB0
 303 0014 1C000000 		.4byte	.LFE0-.LFB0
 304 0018 00000000 		.4byte	0
 305 001c 00000000 		.4byte	0
 306              		.section	.debug_ranges,"",%progbits
 307              	.Ldebug_ranges0:
 308 0000 00000000 		.4byte	.LFB0
 309 0004 1C000000 		.4byte	.LFE0
 310 0008 00000000 		.4byte	0
 311 000c 00000000 		.4byte	0
 312              		.section	.debug_line,"",%progbits
 313              	.Ldebug_line0:
 314 0000 6E000000 		.section	.debug_str,"MS",%progbits,1
 314      02005400 
 314      00000201 
 314      FB0E0D00 
 314      01010101 
 315              	.LASF6:
 316 0000 6C6F6E67 		.ascii	"long long int\000"
 316      206C6F6E 
 316      6720696E 
 316      7400
 317              	.LASF12:
 318 000e 75696E74 		.ascii	"uint32\000"
 318      333200
 319              	.LASF8:
 320 0015 756E7369 		.ascii	"unsigned int\000"
 320      676E6564 
 320      20696E74 
 320      00
ARM GAS  C:\Users\javier\AppData\Local\Temp\ccKJq17M.s 			page 8


 321              	.LASF17:
 322 0022 433A5C50 		.ascii	"C:\\Projects\\PSoC\\Bootloading_PSoC5_LP\\PSoc4_Mai"
 322      726F6A65 
 322      6374735C 
 322      50536F43 
 322      5C426F6F 
 323 0051 6E2E6379 		.ascii	"n.cydsn\000"
 323      64736E00 
 324              	.LASF18:
 325 0059 4144435F 		.ascii	"ADC_ACCELEROMETER_ISR\000"
 325      41434345 
 325      4C45524F 
 325      4D455445 
 325      525F4953 
 326              	.LASF15:
 327 006f 474E5520 		.ascii	"GNU C 4.7.3 20130312 (release) [ARM/embedded-4_7-br"
 327      4320342E 
 327      372E3320 
 327      32303133 
 327      30333132 
 328 00a2 616E6368 		.ascii	"anch revision 196615]\000"
 328      20726576 
 328      6973696F 
 328      6E203139 
 328      36363135 
 329              	.LASF5:
 330 00b8 6C6F6E67 		.ascii	"long unsigned int\000"
 330      20756E73 
 330      69676E65 
 330      6420696E 
 330      7400
 331              	.LASF7:
 332 00ca 6C6F6E67 		.ascii	"long long unsigned int\000"
 332      206C6F6E 
 332      6720756E 
 332      7369676E 
 332      65642069 
 333              	.LASF19:
 334 00e1 696E7472 		.ascii	"intr_status\000"
 334      5F737461 
 334      74757300 
 335              	.LASF1:
 336 00ed 756E7369 		.ascii	"unsigned char\000"
 336      676E6564 
 336      20636861 
 336      7200
 337              	.LASF11:
 338 00fb 63686172 		.ascii	"char\000"
 338      00
 339              	.LASF4:
 340 0100 6C6F6E67 		.ascii	"long int\000"
 340      20696E74 
 340      00
 341              	.LASF10:
 342 0109 646F7562 		.ascii	"double\000"
 342      6C6500
 343              	.LASF16:
ARM GAS  C:\Users\javier\AppData\Local\Temp\ccKJq17M.s 			page 9


 344 0110 2E5C4765 		.ascii	".\\Generated_Source\\PSoC4\\ADC_ACCELEROMETER_INT.c"
 344      6E657261 
 344      7465645F 
 344      536F7572 
 344      63655C50 
 345 0140 00       		.ascii	"\000"
 346              	.LASF13:
 347 0141 72656733 		.ascii	"reg32\000"
 347      3200
 348              	.LASF3:
 349 0147 73686F72 		.ascii	"short unsigned int\000"
 349      7420756E 
 349      7369676E 
 349      65642069 
 349      6E7400
 350              	.LASF0:
 351 015a 7369676E 		.ascii	"signed char\000"
 351      65642063 
 351      68617200 
 352              	.LASF9:
 353 0166 666C6F61 		.ascii	"float\000"
 353      7400
 354              	.LASF2:
 355 016c 73686F72 		.ascii	"short int\000"
 355      7420696E 
 355      7400
 356              	.LASF14:
 357 0176 73697A65 		.ascii	"sizetype\000"
 357      74797065 
 357      00
 358              		.ident	"GCC: (GNU Tools for ARM Embedded Processors) 4.7.3 20130312 (release) [ARM/embedded-4_7-br
