Archive member included because of file (symbol)

.\CortexM0\ARM_GCC_473\Debug\PSoc4_Main.a(cyfitter_cfg.o)
                              .\CortexM0\ARM_GCC_473\Debug\Cm0Start.o (cyfitter_cfg)
.\CortexM0\ARM_GCC_473\Debug\PSoc4_Main.a(CyBootAsmGnu.o)
                              .\CortexM0\ARM_GCC_473\Debug\PSoc4_Main.a(cyfitter_cfg.o) (CyDelayCycles)
.\CortexM0\ARM_GCC_473\Debug\PSoc4_Main.a(CyLib.o)
                              .\CortexM0\ARM_GCC_473\Debug\PSoc4_Main.a(cyfitter_cfg.o) (CyDelayUs)
.\CortexM0\ARM_GCC_473\Debug\PSoc4_Main.a(PSOC5.o)
                              .\CortexM0\ARM_GCC_473\Debug\main.o (PSOC5_Start)
.\CortexM0\ARM_GCC_473\Debug\PSoc4_Main.a(PSOC5_SPI_UART.o)
                              .\CortexM0\ARM_GCC_473\Debug\main.o (PSOC5_SpiUartWriteTxData)
.\CortexM0\ARM_GCC_473\Debug\PSoc4_Main.a(PSOC5_UART.o)
                              .\CortexM0\ARM_GCC_473\Debug\main.o (PSOC5_UartInit)
.\CortexM0\ARM_GCC_473\Debug\PSoc4_Main.a(ADC_ACCELEROMETER.o)
                              .\CortexM0\ARM_GCC_473\Debug\main.o (ADC_ACCELEROMETER_Start)
.\CortexM0\ARM_GCC_473\Debug\PSoc4_Main.a(ADC_ACCELEROMETER_INT.o)
                              .\CortexM0\ARM_GCC_473\Debug\PSoc4_Main.a(ADC_ACCELEROMETER.o) (ADC_ACCELEROMETER_ISR)
.\CortexM0\ARM_GCC_473\Debug\PSoc4_Main.a(BLUE.o)
                              .\CortexM0\ARM_GCC_473\Debug\main.o (BLUE_Start)
.\CortexM0\ARM_GCC_473\Debug\PSoc4_Main.a(BLUE_INT.o)
                              .\CortexM0\ARM_GCC_473\Debug\PSoc4_Main.a(BLUE.o) (BLUE_TXISR)
.\CortexM0\ARM_GCC_473\Debug\PSoc4_Main.a(BLUE_IntClock.o)
                              .\CortexM0\ARM_GCC_473\Debug\PSoc4_Main.a(BLUE.o) (BLUE_IntClock_Start)
.\CortexM0\ARM_GCC_473\Debug\PSoc4_Main.a(OutStatus.o)
                              .\CortexM0\ARM_GCC_473\Debug\main.o (OutStatus_Write)
c:/program files (x86)/cypress/psoc creator/3.0/psoc creator/import/gnu_cs/arm/4.7.3/bin/../lib/gcc/arm-none-eabi/4.7.3/armv6-m\libgcc.a(_udivsi3.o)
                              .\CortexM0\ARM_GCC_473\Debug\PSoc4_Main.a(CyLib.o) (__aeabi_uidiv)
c:/program files (x86)/cypress/psoc creator/3.0/psoc creator/import/gnu_cs/arm/4.7.3/bin/../lib/gcc/arm-none-eabi/4.7.3/armv6-m\libgcc.a(_divsi3.o)
                              .\CortexM0\ARM_GCC_473\Debug\Cm0Start.o (__aeabi_idiv)
c:/program files (x86)/cypress/psoc creator/3.0/psoc creator/import/gnu_cs/arm/4.7.3/bin/../lib/gcc/arm-none-eabi/4.7.3/armv6-m\libgcc.a(_dvmd_tls.o)
                              c:/program files (x86)/cypress/psoc creator/3.0/psoc creator/import/gnu_cs/arm/4.7.3/bin/../lib/gcc/arm-none-eabi/4.7.3/armv6-m\libgcc.a(_udivsi3.o) (__aeabi_idiv0)
c:/program files (x86)/cypress/psoc creator/3.0/psoc creator/import/gnu_cs/arm/4.7.3/bin/../lib/gcc/arm-none-eabi/4.7.3/armv6-m\libgcc.a(_aeabi_ldivmod.o)
                              .\CortexM0\ARM_GCC_473\Debug\PSoc4_Main.a(ADC_ACCELEROMETER.o) (__aeabi_ldivmod)
c:/program files (x86)/cypress/psoc creator/3.0/psoc creator/import/gnu_cs/arm/4.7.3/bin/../lib/gcc/arm-none-eabi/4.7.3/armv6-m\libgcc.a(_muldi3.o)
                              .\CortexM0\ARM_GCC_473\Debug\PSoc4_Main.a(ADC_ACCELEROMETER.o) (__aeabi_lmul)
c:/program files (x86)/cypress/psoc creator/3.0/psoc creator/import/gnu_cs/arm/4.7.3/bin/../lib/gcc/arm-none-eabi/4.7.3/armv6-m\libgcc.a(bpabi.o)
                              c:/program files (x86)/cypress/psoc creator/3.0/psoc creator/import/gnu_cs/arm/4.7.3/bin/../lib/gcc/arm-none-eabi/4.7.3/armv6-m\libgcc.a(_aeabi_ldivmod.o) (__gnu_ldivmod_helper)
c:/program files (x86)/cypress/psoc creator/3.0/psoc creator/import/gnu_cs/arm/4.7.3/bin/../lib/gcc/arm-none-eabi/4.7.3/armv6-m\libgcc.a(divsf3.o)
                              .\CortexM0\ARM_GCC_473\Debug\PSoc4_Main.a(ADC_ACCELEROMETER.o) (__aeabi_fdiv)
c:/program files (x86)/cypress/psoc creator/3.0/psoc creator/import/gnu_cs/arm/4.7.3/bin/../lib/gcc/arm-none-eabi/4.7.3/armv6-m\libgcc.a(mulsf3.o)
                              .\CortexM0\ARM_GCC_473\Debug\PSoc4_Main.a(ADC_ACCELEROMETER.o) (__aeabi_fmul)
c:/program files (x86)/cypress/psoc creator/3.0/psoc creator/import/gnu_cs/arm/4.7.3/bin/../lib/gcc/arm-none-eabi/4.7.3/armv6-m\libgcc.a(floatsisf.o)
                              .\CortexM0\ARM_GCC_473\Debug\PSoc4_Main.a(ADC_ACCELEROMETER.o) (__aeabi_i2f)
c:/program files (x86)/cypress/psoc creator/3.0/psoc creator/import/gnu_cs/arm/4.7.3/bin/../lib/gcc/arm-none-eabi/4.7.3/armv6-m\libgcc.a(_clzsi2.o)
                              c:/program files (x86)/cypress/psoc creator/3.0/psoc creator/import/gnu_cs/arm/4.7.3/bin/../lib/gcc/arm-none-eabi/4.7.3/armv6-m\libgcc.a(divsf3.o) (__clzsi2)
c:/program files (x86)/cypress/psoc creator/3.0/psoc creator/import/gnu_cs/arm/4.7.3/bin/../lib/gcc/arm-none-eabi/4.7.3/armv6-m\libgcc.a(_divdi3.o)
[...]
Memory Configuration

Name             Origin             Length             Attributes
rom              0x00000000         0x00008000         xr
ram              0x20000000         0x00001000         xrw
*default*        0x00000000         0xffffffff

Linker script and memory map

LOAD c:/program files (x86)/cypress/psoc creator/3.0/psoc creator/import/gnu_cs/arm/4.7.3/bin/../lib/gcc/arm-none-eabi/4.7.3/armv6-m/crti.o
LOAD c:/program files (x86)/cypress/psoc creator/3.0/psoc creator/import/gnu_cs/arm/4.7.3/bin/../lib/gcc/arm-none-eabi/4.7.3/armv6-m/crtbegin.o
LOAD c:/program files (x86)/cypress/psoc creator/3.0/psoc creator/import/gnu_cs/arm/4.7.3/bin/../lib/gcc/arm-none-eabi/4.7.3/../../../../arm-none-eabi/lib/armv6-m/crt0.o
START GROUP
LOAD .\CortexM0\ARM_GCC_473\Debug\main.o
LOAD .\CortexM0\ARM_GCC_473\Debug\cymetadata.o
LOAD .\CortexM0\ARM_GCC_473\Debug\Cm0Start.o
LOAD .\CortexM0\ARM_GCC_473\Debug\PSoc4_Main.a
LOAD C:\Program Files (x86)\Cypress\PSoC Creator\3.0\PSoC Creator\psoc\content\cycomponentlibrary\CyComponentLibrary.cylib\CortexM0\ARM_GCC_473\Debug\CyComponentLibrary.a
END GROUP
START GROUP
LOAD c:/program files (x86)/cypress/psoc creator/3.0/psoc creator/import/gnu_cs/arm/4.7.3/bin/../lib/gcc/arm-none-eabi/4.7.3/armv6-m\libgcc.a
LOAD c:/program files (x86)/cypress/psoc creator/3.0/psoc creator/import/gnu_cs/arm/4.7.3/bin/../lib/gcc/arm-none-eabi/4.7.3/../../../../arm-none-eabi/lib/armv6-m\libc_s.a
END GROUP
LOAD c:/program files (x86)/cypress/psoc creator/3.0/psoc creator/import/gnu_cs/arm/4.7.3/bin/../lib/gcc/arm-none-eabi/4.7.3/armv6-m/crtend.o
LOAD c:/program files (x86)/cypress/psoc creator/3.0/psoc creator/import/gnu_cs/arm/4.7.3/bin/../lib/gcc/arm-none-eabi/4.7.3/armv6-m/crtn.o
START GROUP
LOAD c:/program files (x86)/cypress/psoc creator/3.0/psoc creator/import/gnu_cs/arm/4.7.3/bin/../lib/gcc/arm-none-eabi/4.7.3/armv6-m\libgcc.a
LOAD c:/program files (x86)/cypress/psoc creator/3.0/psoc creator/import/gnu_cs/arm/4.7.3/bin/../lib/gcc/arm-none-eabi/4.7.3/../../../../arm-none-eabi/lib/armv6-m\libc.a
LOAD c:/program files (x86)/cypress/psoc creator/3.0/psoc creator/import/gnu_cs/arm/4.7.3/bin/../lib/gcc/arm-none-eabi/4.7.3/../../../../arm-none-eabi/lib/armv6-m\libnosys.a
END GROUP
                0x00000000                CY_APPL_ORIGIN = 0x0
                0x00000080                CY_FLASH_ROW_SIZE = 0x80
                0x00000001                CY_APPL_NUM = 0x1
                0x00000040                CY_METADATA_SIZE = 0x40
                0x20000218                PROVIDE (__cy_heap_start, _end)
                0x00000001                PROVIDE (__cy_region_num, ((__cy_regions_end - __cy_regions) / 0x10))
                0x20001000                PROVIDE (__cy_stack, (ORIGIN (ram) + 0x1000))
                0x20000c00                PROVIDE (__cy_heap_end, (__cy_stack - 0x400))

.cybootloader   0x00000000        0x0
 *(.cybootloader)
                0x00000000                appl1_start = CY_APPL_ORIGIN?CY_APPL_ORIGIN:ALIGN (CY_FLASH_ROW_SIZE)
                0x00003f80                appl2_start = (appl1_start + ALIGN ((((0x8000 - appl1_start) - (0x2 * CY_FLASH_ROW_SIZE)) / 0x2), CY_FLASH_ROW_SIZE))
                0x00000000                appl_start = (CY_APPL_NUM == 0x1)?appl1_start:appl2_start

.text           0x00000000     0x1b8c
 CREATE_OBJECT_SYMBOLS
                0x00000000                PROVIDE (__cy_interrupt_vector, RomVectors)
 *(.romvectors)
 .romvectors    0x00000000       0x10 .\CortexM0\ARM_GCC_473\Debug\Cm0Start.o
                0x00000000                RomVectors
                0x00000001                ASSERT ((. != __cy_interrupt_vector), No interrupt vector)
                0x00000001                ASSERT (CY_APPL_ORIGIN?(SIZEOF (.cybootloader) <= CY_APPL_ORIGIN):0x1, Wrong image location)
                0x00000010                PROVIDE (__cy_reset, Reset)
 *(.text.Reset)
 .text.Reset    0x00000010        0x8 .\CortexM0\ARM_GCC_473\Debug\Cm0Start.o
                0x00000010                Reset
                0x00000001                ASSERT ((. != __cy_reset), No reset code)
 *(.psocinit)
 .psocinit      0x00000018      0x3d8 .\CortexM0\ARM_GCC_473\Debug\PSoc4_Main.a(cyfitter_cfg.o)
                0x0000018c                cyfitter_cfg
                0x000003f0                . = MAX (., 0x100)
 *(.text .text.* .gnu.linkonce.t.*)
 .text          0x000003f0       0x60 c:/program files (x86)/cypress/psoc creator/3.0/psoc creator/import/gnu_cs/arm/4.7.3/bin/../lib/gcc/arm-none-eabi/4.7.3/armv6-m/crtbegin.o
 .text.initAccelerometer
                0x00000450       0x18 .\CortexM0\ARM_GCC_473\Debug\main.o
                0x00000450                initAccelerometer
 .text.getAccelerometer
                0x00000468       0x40 .\CortexM0\ARM_GCC_473\Debug\main.o
                0x00000468                getAccelerometer
 .text.buildMsg
                0x000004a8       0x48 .\CortexM0\ARM_GCC_473\Debug\main.o
                0x000004a8                buildMsg
 .text.main     0x000004f0       0x70 .\CortexM0\ARM_GCC_473\Debug\main.o
                0x000004f0                main
 .text.initPSoC5
                0x00000560       0x10 .\CortexM0\ARM_GCC_473\Debug\main.o
                0x00000560                initPSoC5
 .text.send2PSoC5
                0x00000570       0x1c .\CortexM0\ARM_GCC_473\Debug\main.o
                0x00000570                send2PSoC5
 .text.initBluetooth
                0x0000058c       0x10 .\CortexM0\ARM_GCC_473\Debug\main.o
                0x0000058c                initBluetooth
 .text.fetchBlueMsg
                0x0000059c       0x5c .\CortexM0\ARM_GCC_473\Debug\main.o
                0x0000059c                fetchBlueMsg
 .text.exportData
                0x000005f8       0x4c .\CortexM0\ARM_GCC_473\Debug\main.o
                0x000005f8                exportData
 .text.IntDefaultHandler
                0x00000644        0x8 .\CortexM0\ARM_GCC_473\Debug\Cm0Start.o
                0x00000644                IntDefaultHandler
 .text.Start_c  0x0000064c       0xa4 .\CortexM0\ARM_GCC_473\Debug\Cm0Start.o
                0x0000064c                Start_c
 .text.initialize_psoc
                0x000006f0       0x5c .\CortexM0\ARM_GCC_473\Debug\Cm0Start.o
                0x000006f0                initialize_psoc
 .text.CYMEMZERO
                0x0000074c       0x20 .\CortexM0\ARM_GCC_473\Debug\PSoc4_Main.a(cyfitter_cfg.o)
 .text.CYCONFIGCPYCODE
                0x0000076c       0x24 .\CortexM0\ARM_GCC_473\Debug\PSoc4_Main.a(cyfitter_cfg.o)
 .text.cfg_write_bytes32
                0x00000790       0x80 .\CortexM0\ARM_GCC_473\Debug\PSoc4_Main.a(cyfitter_cfg.o)
 .text.AnalogSetDefault
                0x00000810       0x24 .\CortexM0\ARM_GCC_473\Debug\PSoc4_Main.a(cyfitter_cfg.o)
 .text.SetAnalogRoutingPumps
                0x00000834       0x40 .\CortexM0\ARM_GCC_473\Debug\PSoc4_Main.a(cyfitter_cfg.o)
                0x00000834                SetAnalogRoutingPumps
 *fill*         0x00000874        0x4 00
 .text          0x00000878       0x20 .\CortexM0\ARM_GCC_473\Debug\PSoc4_Main.a(CyBootAsmGnu.o)
                0x00000878                CyDelayCycles
                0x0000088a                CyEnterCriticalSection
                0x00000892                CyExitCriticalSection
 .text.CyIntSetVector
                0x00000898       0x4c .\CortexM0\ARM_GCC_473\Debug\PSoc4_Main.a(CyLib.o)
                0x00000898                CyIntSetVector
 .text.CyIntSetPriority
                0x000008e4       0xa8 .\CortexM0\ARM_GCC_473\Debug\PSoc4_Main.a(CyLib.o)
                0x000008e4                CyIntSetPriority
 .text.CyIntEnable
                0x0000098c       0x2c .\CortexM0\ARM_GCC_473\Debug\PSoc4_Main.a(CyLib.o)
                0x0000098c                CyIntEnable
 .text.CyHalt   0x000009b8       0x14 .\CortexM0\ARM_GCC_473\Debug\PSoc4_Main.a(CyLib.o)
                0x000009b8                CyHalt
 .text.CyDelay  0x000009cc       0x48 .\CortexM0\ARM_GCC_473\Debug\PSoc4_Main.a(CyLib.o)
                0x000009cc                CyDelay
 .text.CyDelayUs
                0x00000a14       0x28 .\CortexM0\ARM_GCC_473\Debug\PSoc4_Main.a(CyLib.o)
                0x00000a14                CyDelayUs
 .text.PSOC5_Init
                0x00000a3c        0xc .\CortexM0\ARM_GCC_473\Debug\PSoc4_Main.a(PSOC5.o)
                0x00000a3c                PSOC5_Init
 .text.PSOC5_Enable
                0x00000a48       0x20 .\CortexM0\ARM_GCC_473\Debug\PSoc4_Main.a(PSOC5.o)
                0x00000a48                PSOC5_Enable
 .text.PSOC5_Start
                0x00000a68       0x24 .\CortexM0\ARM_GCC_473\Debug\PSoc4_Main.a(PSOC5.o)
                0x00000a68                PSOC5_Start
 .text.PSOC5_ScbEnableIntr
                0x00000a8c        0x8 .\CortexM0\ARM_GCC_473\Debug\PSoc4_Main.a(PSOC5.o)
 .text.PSOC5_SpiUartReadRxData
                0x00000a94       0x20 .\CortexM0\ARM_GCC_473\Debug\PSoc4_Main.a(PSOC5_SPI_UART.o)
                0x00000a94                PSOC5_SpiUartReadRxData
 .text.PSOC5_SpiUartGetRxBufferSize
                0x00000ab4       0x20 .\CortexM0\ARM_GCC_473\Debug\PSoc4_Main.a(PSOC5_SPI_UART.o)
                0x00000ab4                PSOC5_SpiUartGetRxBufferSize
 .text.PSOC5_SpiUartWriteTxData
                0x00000ad4       0x2c .\CortexM0\ARM_GCC_473\Debug\PSoc4_Main.a(PSOC5_SPI_UART.o)
                0x00000ad4                PSOC5_SpiUartWriteTxData
 .text.PSOC5_UartInit
                0x00000b00       0xa8 .\CortexM0\ARM_GCC_473\Debug\PSoc4_Main.a(PSOC5_UART.o)
                0x00000b00                PSOC5_UartInit
 .text.PSOC5_UartGetChar
                0x00000ba8       0x44 .\CortexM0\ARM_GCC_473\Debug\PSoc4_Main.a(PSOC5_UART.o)
                0x00000ba8                PSOC5_UartGetChar
 .text.PSOC5_UartPutString
                0x00000bec       0x34 .\CortexM0\ARM_GCC_473\Debug\PSoc4_Main.a(PSOC5_UART.o)
                0x00000bec                PSOC5_UartPutString
 .text.ADC_ACCELEROMETER_Start
                0x00000c20       0x24 .\CortexM0\ARM_GCC_473\Debug\PSoc4_Main.a(ADC_ACCELEROMETER.o)
                0x00000c20                ADC_ACCELEROMETER_Start
 .text.ADC_ACCELEROMETER_Init
                0x00000c44      0x1e4 .\CortexM0\ARM_GCC_473\Debug\PSoc4_Main.a(ADC_ACCELEROMETER.o)
                0x00000c44                ADC_ACCELEROMETER_Init
 .text.ADC_ACCELEROMETER_Enable
                0x00000e28       0x20 .\CortexM0\ARM_GCC_473\Debug\PSoc4_Main.a(ADC_ACCELEROMETER.o)
                0x00000e28                ADC_ACCELEROMETER_Enable
 .text.ADC_ACCELEROMETER_StartConvert
                0x00000e48       0x1c .\CortexM0\ARM_GCC_473\Debug\PSoc4_Main.a(ADC_ACCELEROMETER.o)
                0x00000e48                ADC_ACCELEROMETER_StartConvert
 .text.ADC_ACCELEROMETER_IsEndConversion
                0x00000e64       0x48 .\CortexM0\ARM_GCC_473\Debug\PSoc4_Main.a(ADC_ACCELEROMETER.o)
                0x00000e64                ADC_ACCELEROMETER_IsEndConversion
 .text.ADC_ACCELEROMETER_GetResult16
                0x00000eac       0x44 .\CortexM0\ARM_GCC_473\Debug\PSoc4_Main.a(ADC_ACCELEROMETER.o)
                0x00000eac                ADC_ACCELEROMETER_GetResult16
 .text.ADC_ACCELEROMETER_ISR
                0x00000ef0       0x1c .\CortexM0\ARM_GCC_473\Debug\PSoc4_Main.a(ADC_ACCELEROMETER_INT.o)
                0x00000ef0                ADC_ACCELEROMETER_ISR
 .text.BLUE_Start
                0x00000f0c       0x24 .\CortexM0\ARM_GCC_473\Debug\PSoc4_Main.a(BLUE.o)
                0x00000f0c                BLUE_Start
 .text.BLUE_Init
                0x00000f30       0x50 .\CortexM0\ARM_GCC_473\Debug\PSoc4_Main.a(BLUE.o)
                0x00000f30                BLUE_Init
 .text.BLUE_Enable
                0x00000f80       0x68 .\CortexM0\ARM_GCC_473\Debug\PSoc4_Main.a(BLUE.o)
                0x00000f80                BLUE_Enable
 .text.BLUE_GetChar
                0x00000fe8       0x4c .\CortexM0\ARM_GCC_473\Debug\PSoc4_Main.a(BLUE.o)
                0x00000fe8                BLUE_GetChar
 .text.BLUE_PutChar
                0x00001034       0xdc .\CortexM0\ARM_GCC_473\Debug\PSoc4_Main.a(BLUE.o)
                0x00001034                BLUE_PutChar
 .text.BLUE_TXISR
                0x00001110       0x68 .\CortexM0\ARM_GCC_473\Debug\PSoc4_Main.a(BLUE_INT.o)
                0x00001110                BLUE_TXISR
 .text.BLUE_IntClock_Start
                0x00001178       0x1c .\CortexM0\ARM_GCC_473\Debug\PSoc4_Main.a(BLUE_IntClock.o)
                0x00001178                BLUE_IntClock_Start
 .text.OutStatus_Write
                0x00001194       0x20 .\CortexM0\ARM_GCC_473\Debug\PSoc4_Main.a(OutStatus.o)
                0x00001194                OutStatus_Write
 .text          0x000011b4       0x9c c:/program files (x86)/cypress/psoc creator/3.0/psoc creator/import/gnu_cs/arm/4.7.3/bin/../lib/gcc/arm-none-eabi/4.7.3/armv6-m\libgcc.a(_udivsi3.o)
                0x000011b4                __aeabi_uidiv
                0x000011b4                __udivsi3
                0x0000123c                __aeabi_uidivmod
 .text          0x00001250       0xc0 c:/program files (x86)/cypress/psoc creator/3.0/psoc creator/import/gnu_cs/arm/4.7.3/bin/../lib/gcc/arm-none-eabi/4.7.3/armv6-m\libgcc.a(_divsi3.o)
                0x00001250                __divsi3
                0x00001250                __aeabi_idiv
                0x000012fc                __aeabi_idivmod
 .text          0x00001310        0x4 c:/program files (x86)/cypress/psoc creator/3.0/psoc creator/import/gnu_cs/arm/4.7.3/bin/../lib/gcc/arm-none-eabi/4.7.3/armv6-m\libgcc.a(_dvmd_tls.o)
                0x00001310                __aeabi_idiv0
                0x00001310                __aeabi_ldiv0
 .text.__libc_init_array
                0x00001314       0x4c c:/program files (x86)/cypress/psoc creator/3.0/psoc creator/import/gnu_cs/arm/4.7.3/bin/../lib/gcc/arm-none-eabi/4.7.3/../../../../arm-none-eabi/lib/armv6-m\libc_s.a(lib_a-init.o)
                0x00001314                __libc_init_array
 .text.memcpy   0x00001360       0x12 c:/program files (x86)/cypress/psoc creator/3.0/psoc creator/import/gnu_cs/arm/4.7.3/bin/../lib/gcc/arm-none-eabi/4.7.3/../../../../arm-none-eabi/lib/armv6-m\libc_s.a(lib_a-memcpy.o)
                0x00001360                memcpy
 .text.memset   0x00001372       0x12 c:/program files (x86)/cypress/psoc creator/3.0/psoc creator/import/gnu_cs/arm/4.7.3/bin/../lib/gcc/arm-none-eabi/4.7.3/../../../../arm-none-eabi/lib/armv6-m\libc_s.a(lib_a-memset.o)
                0x00001372                memset
 .text.sprintf  0x00001384       0x44 c:/program files (x86)/cypress/psoc creator/3.0/psoc creator/import/gnu_cs/arm/4.7.3/bin/../lib/gcc/arm-none-eabi/4.7.3/../../../../arm-none-eabi/lib/armv6-m\libc_s.a(lib_a-sprintf.o)
                0x00001384                siprintf
                0x00001384                sprintf
 .text.strlen   0x000013c8        0xe c:/program files (x86)/cypress/psoc creator/3.0/psoc creator/import/gnu_cs/arm/4.7.3/bin/../lib/gcc/arm-none-eabi/4.7.3/../../../../arm-none-eabi/lib/armv6-m\libc_s.a(lib_a-strlen.o)
                0x000013c8                strlen
 *fill*         0x000013d6        0x2 00
 .text.__ssputc_r
                0x000013d8       0xb0 c:/program files (x86)/cypress/psoc creator/3.0/psoc creator/import/gnu_cs/arm/4.7.3/bin/../lib/gcc/arm-none-eabi/4.7.3/../../../../arm-none-eabi/lib/armv6-m\libc_s.a(lib_a-svfprintf.o)
                0x000013d8                __ssputc_r
 .text._svfprintf_r
                0x00001488      0x1f8 c:/program files (x86)/cypress/psoc creator/3.0/psoc creator/import/gnu_cs/arm/4.7.3/bin/../lib/gcc/arm-none-eabi/4.7.3/../../../../arm-none-eabi/lib/armv6-m\libc_s.a(lib_a-svfprintf.o)
                0x00001488                _svfiprintf_r
                0x00001488                _svfprintf_r
 .text._printf_common
                0x00001680       0xe0 c:/program files (x86)/cypress/psoc creator/3.0/psoc creator/import/gnu_cs/arm/4.7.3/bin/../lib/gcc/arm-none-eabi/4.7.3/../../../../arm-none-eabi/lib/armv6-m\libc_s.a(lib_a-vfprintf_i.o)
                0x00001680                _printf_common
 .text._printf_i
                0x00001760      0x234 c:/program files (x86)/cypress/psoc creator/3.0/psoc creator/import/gnu_cs/arm/4.7.3/bin/../lib/gcc/arm-none-eabi/4.7.3/../../../../arm-none-eabi/lib/armv6-m\libc_s.a(lib_a-vfprintf_i.o)
                0x00001760                _printf_i
 .text._free_r  0x00001994       0x90 c:/program files (x86)/cypress/psoc creator/3.0/psoc creator/import/gnu_cs/arm/4.7.3/bin/../lib/gcc/arm-none-eabi/4.7.3/../../../../arm-none-eabi/lib/armv6-m\libc_s.a(lib_a-freer.o)
                0x00001994                _free_r
 .text._malloc_r
                0x00001a24       0x94 c:/program files (x86)/cypress/psoc creator/3.0/psoc creator/import/gnu_cs/arm/4.7.3/bin/../lib/gcc/arm-none-eabi/4.7.3/../../../../arm-none-eabi/lib/armv6-m\libc_s.a(lib_a-mallocr.o)
                0x00001a24                _malloc_r
 .text.memchr   0x00001ab8       0x18 c:/program files (x86)/cypress/psoc creator/3.0/psoc creator/import/gnu_cs/arm/4.7.3/bin/../lib/gcc/arm-none-eabi/4.7.3/../../../../arm-none-eabi/lib/armv6-m\libc_s.a(lib_a-memchr.o)
                0x00001ab8                memchr
 .text._realloc_r
                0x00001ad0       0x4c c:/program files (x86)/cypress/psoc creator/3.0/psoc creator/import/gnu_cs/arm/4.7.3/bin/../lib/gcc/arm-none-eabi/4.7.3/../../../../arm-none-eabi/lib/armv6-m\libc_s.a(lib_a-reallocr.o)
                0x00001ad0                _realloc_r
 .text._sbrk_r  0x00001b1c       0x24 c:/program files (x86)/cypress/psoc creator/3.0/psoc creator/import/gnu_cs/arm/4.7.3/bin/../lib/gcc/arm-none-eabi/4.7.3/../../../../arm-none-eabi/lib/armv6-m\libc_s.a(lib_a-sbrkr.o)
                0x00001b1c                _sbrk_r
 .text._malloc_usable_size_r
                0x00001b40       0x14 c:/program files (x86)/cypress/psoc creator/3.0/psoc creator/import/gnu_cs/arm/4.7.3/bin/../lib/gcc/arm-none-eabi/4.7.3/../../../../arm-none-eabi/lib/armv6-m\libc_s.a(lib_a-msizer.o)
                0x00001b40                _malloc_usable_size_r
 .text._sbrk    0x00001b54       0x38 c:/program files (x86)/cypress/psoc creator/3.0/psoc creator/import/gnu_cs/arm/4.7.3/bin/../lib/gcc/arm-none-eabi/4.7.3/../../../../arm-none-eabi/lib/armv6-m\libnosys.a(sbrk.o)
                0x00001b54                _sbrk
 *(.plt)
 *(.gnu.warning)
 *(.glue_7t)
 .glue_7t       0x00000000        0x0 linker stubs
 *(.glue_7)
 .glue_7        0x00000000        0x0 linker stubs
 *(.vfp11_veneer)
 .vfp11_veneer  0x00000000        0x0 linker stubs
 *(.bootloader)
 *(.ARM.extab* .gnu.linkonce.armextab.*)
 *(.gcc_except_table)

.v4_bx          0x00001b8c        0x0
 .v4_bx         0x00000000        0x0 linker stubs

.iplt           0x00001b8c        0x0
 .iplt          0x00000000        0x0 c:/program files (x86)/cypress/psoc creator/3.0/psoc creator/import/gnu_cs/arm/4.7.3/bin/../lib/gcc/arm-none-eabi/4.7.3/armv6-m/crtbegin.o

.eh_frame_hdr
 *(.eh_frame_hdr)

.eh_frame       0x00001b8c        0x4
 *(.eh_frame)
 .eh_frame      0x00001b8c        0x0 c:/program files (x86)/cypress/psoc creator/3.0/psoc creator/import/gnu_cs/arm/4.7.3/bin/../lib/gcc/arm-none-eabi/4.7.3/armv6-m/crtbegin.o
 .eh_frame      0x00001b8c        0x4 c:/program files (x86)/cypress/psoc creator/3.0/psoc creator/import/gnu_cs/arm/4.7.3/bin/../lib/gcc/arm-none-eabi/4.7.3/armv6-m/crtend.o
                0x00001b90                PROVIDE (__exidx_start, .)

.ARM.exidx
 *(.ARM.exidx* .gnu.linkonce.armexidx.*)
                0x00001b90                __exidx_end = .

.rodata         0x00001b90      0x390
 *(.rodata .rodata.* .gnu.linkonce.r.*)
 .rodata        0x00001b90       0x24 .\CortexM0\ARM_GCC_473\Debug\main.o
                0x00001b90                MAX_STR
                0x00001b94                LED_RED
                0x00001b98                LED_BLUE
                0x00001b9c                LED_GREEN
                0x00001ba0                LED_OFF
 .rodata        0x00001bb4      0x2ec .\CortexM0\ARM_GCC_473\Debug\PSoc4_Main.a(cyfitter_cfg.o)
 .rodata        0x00001ea0       0x10 .\CortexM0\ARM_GCC_473\Debug\PSoc4_Main.a(ADC_ACCELEROMETER.o)
 .rodata.str1.1
                0x00001eb0        0x2 c:/program files (x86)/cypress/psoc creator/3.0/psoc creator/import/gnu_cs/arm/4.7.3/bin/../lib/gcc/arm-none-eabi/4.7.3/../../../../arm-none-eabi/lib/armv6-m\libc_s.a(lib_a-impure.o)
 .rodata.str1.1
                0x00001eb2       0x11 c:/program files (x86)/cypress/psoc creator/3.0/psoc creator/import/gnu_cs/arm/4.7.3/bin/../lib/gcc/arm-none-eabi/4.7.3/../../../../arm-none-eabi/lib/armv6-m\libc_s.a(lib_a-svfprintf.o)
 .rodata.str1.1
                0x00001ec3       0x22 c:/program files (x86)/cypress/psoc creator/3.0/psoc creator/import/gnu_cs/arm/4.7.3/bin/../lib/gcc/arm-none-eabi/4.7.3/../../../../arm-none-eabi/lib/armv6-m\libc_s.a(lib_a-vfprintf_i.o)
                0x00001ee8                . = ALIGN (0x4)
 *fill*         0x00001ee5        0x3 00
 *(.init)
 .init          0x00001ee8        0x4 c:/program files (x86)/cypress/psoc creator/3.0/psoc creator/import/gnu_cs/arm/4.7.3/bin/../lib/gcc/arm-none-eabi/4.7.3/armv6-m/crti.o
                0x00001ee8                _init
 .init          0x00001eec        0x8 c:/program files (x86)/cypress/psoc creator/3.0/psoc creator/import/gnu_cs/arm/4.7.3/bin/../lib/gcc/arm-none-eabi/4.7.3/armv6-m/crtn.o
                0x00001ef4                . = ALIGN (0x4)
                0x00001ef4                __preinit_array_start = .
 *(.preinit_array)
                0x00001ef4                __preinit_array_end = .
                0x00001ef4                . = ALIGN (0x4)
                0x00001ef4                __init_array_start = .
 *(SORT(.init_array.*))
 *(.init_array)
 .init_array    0x00001ef4        0x4 c:/program files (x86)/cypress/psoc creator/3.0/psoc creator/import/gnu_cs/arm/4.7.3/bin/../lib/gcc/arm-none-eabi/4.7.3/armv6-m/crtbegin.o
 .init_array    0x00001ef8        0x4 .\CortexM0\ARM_GCC_473\Debug\Cm0Start.o
                0x00001efc                __init_array_end = .
                0x00001efc                . = ALIGN (0x4)
 *(.fini)
 .fini          0x00001efc        0x4 c:/program files (x86)/cypress/psoc creator/3.0/psoc creator/import/gnu_cs/arm/4.7.3/bin/../lib/gcc/arm-none-eabi/4.7.3/armv6-m/crti.o
                0x00001efc                _fini
 .fini          0x00001f00        0x8 c:/program files (x86)/cypress/psoc creator/3.0/psoc creator/import/gnu_cs/arm/4.7.3/bin/../lib/gcc/arm-none-eabi/4.7.3/armv6-m/crtn.o
                0x00001f08                . = ALIGN (0x4)
                0x00001f08                __fini_array_start = .
 *(.fini_array)
 .fini_array    0x00001f08        0x4 c:/program files (x86)/cypress/psoc creator/3.0/psoc creator/import/gnu_cs/arm/4.7.3/bin/../lib/gcc/arm-none-eabi/4.7.3/armv6-m/crtbegin.o
 *(SORT(.fini_array.*))
                0x00001f0c                __fini_array_end = .
                0x00001f0c                . = ALIGN (0x4)
 *crtbegin.o(.ctors)
 *(EXCLUDE_FILE(*crtend.o) .ctors)
 *(SORT(.ctors.*))
 *crtend.o(.ctors)
                0x00001f0c                . = ALIGN (0x4)
 *crtbegin.o(.dtors)
 *(EXCLUDE_FILE(*crtend.o) .dtors)
 *(SORT(.dtors.*))
 *crtend.o(.dtors)
                0x00001f0c                . = ALIGN (0x4)
                0x00001f0c                __cy_regions = .
                0x00001f0c        0x4 LONG 0x1f20 __cy_region_init_ram
                0x00001f10        0x4 LONG 0x200000c8 __cy_region_start_data
                0x00001f14        0x4 LONG 0x80 __cy_region_init_size_ram
                0x00001f18        0x4 LONG 0xd0 __cy_region_zero_size_ram
                0x00001f1c                __cy_regions_end = .
                0x00001f20                . = ALIGN (0x8)
 *fill*         0x00001f1c        0x4 00
                0x00001f20                _etext = .

.ramvectors     0x20000000       0xc0
                0x20000000                __cy_region_start_ram = .
 *(.ramvectors)
 .ramvectors    0x20000000       0xc0 .\CortexM0\ARM_GCC_473\Debug\Cm0Start.o
                0x20000000                CyRamVectors

.noinit         0x200000c0        0x4
 *(.noinit)
 .noinit        0x200000c0        0x4 .\CortexM0\ARM_GCC_473\Debug\Cm0Start.o

.data           0x200000c8       0x80 load address 0x00001f20
                0x200000c8                __cy_region_start_data = .
 *(.jcr)
 .jcr           0x200000c8        0x0 c:/program files (x86)/cypress/psoc creator/3.0/psoc creator/import/gnu_cs/arm/4.7.3/bin/../lib/gcc/arm-none-eabi/4.7.3/armv6-m/crtbegin.o
 .jcr           0x200000c8        0x4 c:/program files (x86)/cypress/psoc creator/3.0/psoc creator/import/gnu_cs/arm/4.7.3/bin/../lib/gcc/arm-none-eabi/4.7.3/armv6-m/crtend.o
 *(.got.plt)
 *(.got)
 *(.shdata)
 *(.data .data.* .gnu.linkonce.d.*)
 .data          0x200000cc        0x4 .\CortexM0\ARM_GCC_473\Debug\PSoc4_Main.a(cyfitter_cfg.o)
 .data          0x200000d0       0x10 .\CortexM0\ARM_GCC_473\Debug\PSoc4_Main.a(CyLib.o)
                0x200000d0                cydelayFreqHz
                0x200000d4                cydelayFreqKhz
                0x200000d8                cydelayFreqMhz
                0x200000dc                cydelay32kMs
 .data.impure_data
                0x200000e0       0x64 c:/program files (x86)/cypress/psoc creator/3.0/psoc creator/import/gnu_cs/arm/4.7.3/bin/../lib/gcc/arm-none-eabi/4.7.3/../../../../arm-none-eabi/lib/armv6-m\libc_s.a(lib_a-impure.o)
 .data._impure_ptr
                0x20000144        0x4 c:/program files (x86)/cypress/psoc creator/3.0/psoc creator/import/gnu_cs/arm/4.7.3/bin/../lib/gcc/arm-none-eabi/4.7.3/../../../../arm-none-eabi/lib/armv6-m\libc_s.a(lib_a-impure.o)
                0x20000144                _impure_ptr
                0x20000148                . = ALIGN (0x8)
 *(.ram)
                0x20000148                _edata = .

.igot.plt       0x20000148        0x0 load address 0x00001fa0
 .igot.plt      0x00000000        0x0 c:/program files (x86)/cypress/psoc creator/3.0/psoc creator/import/gnu_cs/arm/4.7.3/bin/../lib/gcc/arm-none-eabi/4.7.3/armv6-m/crtbegin.o

.bss            0x20000148       0xd0 load address 0x00001fa0
                0x20000148                PROVIDE (__bss_start__, .)
 *(.shbss)
 *(.bss .bss.* .gnu.linkonce.b.*)
 .bss           0x20000148       0x1c c:/program files (x86)/cypress/psoc creator/3.0/psoc creator/import/gnu_cs/arm/4.7.3/bin/../lib/gcc/arm-none-eabi/4.7.3/armv6-m/crtbegin.o
 .bss           0x20000164        0x8 .\CortexM0\ARM_GCC_473\Debug\PSoc4_Main.a(PSOC5.o)
                0x20000164                PSOC5_initVar
                0x20000168                PSOC5_customIntrHandler
 .bss           0x2000016c        0x1 .\CortexM0\ARM_GCC_473\Debug\PSoc4_Main.a(ADC_ACCELEROMETER.o)
                0x2000016c                ADC_ACCELEROMETER_initVar
 .bss           0x2000016d        0x4 .\CortexM0\ARM_GCC_473\Debug\PSoc4_Main.a(BLUE.o)
                0x2000016d                BLUE_initVar
                0x2000016e                BLUE_txBufferRead
                0x2000016f                BLUE_txBufferWrite
 *fill*         0x20000171        0x3 00
 .bss.__malloc_free_list
                0x20000174        0x4 c:/program files (x86)/cypress/psoc creator/3.0/psoc creator/import/gnu_cs/arm/4.7.3/bin/../lib/gcc/arm-none-eabi/4.7.3/../../../../arm-none-eabi/lib/armv6-m\libc_s.a(lib_a-mallocr.o)
                0x20000174                __malloc_free_list
 .bss.heap_end.4231
                0x20000178        0x4 c:/program files (x86)/cypress/psoc creator/3.0/psoc creator/import/gnu_cs/arm/4.7.3/bin/../lib/gcc/arm-none-eabi/4.7.3/../../../../arm-none-eabi/lib/armv6-m\libnosys.a(sbrk.o)
 *(COMMON)
 COMMON         0x2000017c       0x4a .\CortexM0\ARM_GCC_473\Debug\main.o
                0x2000017c                runMode
                0x20000180                psoc5_msg
                0x200001bc                inBlueChar
                0x200001c0                accStatus
 *fill*         0x200001c6        0x2 00
 COMMON         0x200001c8       0x12 .\CortexM0\ARM_GCC_473\Debug\PSoc4_Main.a(ADC_ACCELEROMETER.o)
                0x200001c8                ADC_ACCELEROMETER_countsPer10Volt
                0x200001d4                ADC_ACCELEROMETER_offset
 *fill*         0x200001da        0x2 00
 COMMON         0x200001dc       0x32 .\CortexM0\ARM_GCC_473\Debug\PSoc4_Main.a(BLUE.o)
                0x200001dc                BLUE_txBuffer
 *fill*         0x2000020e        0x2 00
 COMMON         0x20000210        0x4 c:/program files (x86)/cypress/psoc creator/3.0/psoc creator/import/gnu_cs/arm/4.7.3/bin/../lib/gcc/arm-none-eabi/4.7.3/../../../../arm-none-eabi/lib/armv6-m\libc_s.a(lib_a-reent.o)
                0x20000210                errno
                0x20000218                . = ALIGN (0x8)
 *fill*         0x20000214        0x4 00
 *(.ram.b)
                0x20000218                _end = .
                0x20000218                __end = .
                0x20000218                PROVIDE (end, .)
                0x20000218                PROVIDE (__bss_end__, .)
                0x00001f20                __cy_region_init_ram = LOADADDR (.data)
                0x00000080                __cy_region_init_size_ram = (_edata - ADDR (.data))
                0x000000d0                __cy_region_zero_size_ram = (_end - _edata)

.heap           0x20000218      0x100 load address 0x00001fa0
                0x20000218                . = _end
                0x20000318                . = (. + 0x100)
 *fill*         0x20000218      0x100 00
                0x20000318                __cy_heap_limit = .

.stack          0x20000c00      0x400
                0x20000c00                __cy_stack_limit = .
                0x20001000                . = (. + 0x400)
 *fill*         0x20000c00      0x400 00
                0x00000001                ASSERT ((__cy_stack_limit >= __cy_heap_limit), region RAM overflowed with stack)

.cyloadermeta
 *(.cyloadermeta)

.cyloadablemeta
 *(.cyloadablemeta)

.cyflashprotect
                0x90400000       0x20
 *(.cyflashprotect)
 .cyflashprotect
                0x90400000       0x20 .\CortexM0\ARM_GCC_473\Debug\cymetadata.o
                0x90400000                cy_meta_flashprotect

.cymeta         0x90500000        0xc
 *(.cymeta)
 .cymeta        0x90500000        0xc .\CortexM0\ARM_GCC_473\Debug\cymetadata.o
                0x90500000                cy_metadata

.cychipprotect  0x90600000        0x4
 *(.cychipprotect)
 .cychipprotect
                0x90600000        0x4 .\CortexM0\ARM_GCC_473\Debug\cymetadata.o
                0x90600000                cy_meta_chipprotect

.rel.dyn        0x00001fa0        0x0 load address 0x90600004
 .rel.iplt      0x00000000        0x0 c:/program files (x86)/cypress/psoc creator/3.0/psoc creator/import/gnu_cs/arm/4.7.3/bin/../lib/gcc/arm-none-eabi/4.7.3/armv6-m/crtbegin.o

.stab
 *(.stab)

.stabstr
 *(.stabstr)

.debug
 *(.debug)

.line
 *(.line)

.debug_srcinfo
 *(.debug_srcinfo)

.debug_sfnames
 *(.debug_sfnames)

.debug_aranges  0x00000000      0x620
 *(.debug_aranges)
 .debug_aranges
                0x00000000       0x60 .\CortexM0\ARM_GCC_473\Debug\main.o
 .debug_aranges
                0x00000060       0x18 .\CortexM0\ARM_GCC_473\Debug\cymetadata.o
 .debug_aranges
                0x00000078       0x40 .\CortexM0\ARM_GCC_473\Debug\Cm0Start.o
 .debug_aranges
                0x000000b8       0x60 .\CortexM0\ARM_GCC_473\Debug\PSoc4_Main.a(cyfitter_cfg.o)
 .debug_aranges
                0x00000118       0x20 .\CortexM0\ARM_GCC_473\Debug\PSoc4_Main.a(CyBootAsmGnu.o)
 .debug_aranges
                0x00000138      0x198 .\CortexM0\ARM_GCC_473\Debug\PSoc4_Main.a(CyLib.o)
 .debug_aranges
                0x000002d0       0x50 .\CortexM0\ARM_GCC_473\Debug\PSoc4_Main.a(PSOC5.o)
 .debug_aranges
                0x00000320       0x60 .\CortexM0\ARM_GCC_473\Debug\PSoc4_Main.a(PSOC5_SPI_UART.o)
 .debug_aranges
                0x00000380       0x50 .\CortexM0\ARM_GCC_473\Debug\PSoc4_Main.a(PSOC5_UART.o)
 .debug_aranges
                0x000003d0       0xa8 .\CortexM0\ARM_GCC_473\Debug\PSoc4_Main.a(ADC_ACCELEROMETER.o)
 .debug_aranges
                0x00000478       0x20 .\CortexM0\ARM_GCC_473\Debug\PSoc4_Main.a(ADC_ACCELEROMETER_INT.o)
 .debug_aranges
                0x00000498      0x100 .\CortexM0\ARM_GCC_473\Debug\PSoc4_Main.a(BLUE.o)
 .debug_aranges
                0x00000598       0x20 .\CortexM0\ARM_GCC_473\Debug\PSoc4_Main.a(BLUE_INT.o)
 .debug_aranges
                0x000005b8       0x40 .\CortexM0\ARM_GCC_473\Debug\PSoc4_Main.a(BLUE_IntClock.o)
 .debug_aranges
                0x000005f8       0x28 .\CortexM0\ARM_GCC_473\Debug\PSoc4_Main.a(OutStatus.o)

.debug_pubnames
 *(.debug_pubnames)

.debug_info     0x00000000     0x2c4e
 *(.debug_info .gnu.linkonce.wi.*)
 .debug_info    0x00000000      0x2d1 .\CortexM0\ARM_GCC_473\Debug\main.o
 .debug_info    0x000002d1      0x100 .\CortexM0\ARM_GCC_473\Debug\cymetadata.o
 .debug_info    0x000003d1      0x2be .\CortexM0\ARM_GCC_473\Debug\Cm0Start.o
 .debug_info    0x0000068f      0x5a5 .\CortexM0\ARM_GCC_473\Debug\PSoc4_Main.a(cyfitter_cfg.o)
 .debug_info    0x00000c34       0x87 .\CortexM0\ARM_GCC_473\Debug\PSoc4_Main.a(CyBootAsmGnu.o)
 .debug_info    0x00000cbb      0xa6b .\CortexM0\ARM_GCC_473\Debug\PSoc4_Main.a(CyLib.o)
 .debug_info    0x00001726      0x197 .\CortexM0\ARM_GCC_473\Debug\PSoc4_Main.a(PSOC5.o)
 .debug_info    0x000018bd      0x23d .\CortexM0\ARM_GCC_473\Debug\PSoc4_Main.a(PSOC5_SPI_UART.o)
 .debug_info    0x00001afa      0x224 .\CortexM0\ARM_GCC_473\Debug\PSoc4_Main.a(PSOC5_UART.o)
 .debug_info    0x00001d1e      0x4fa .\CortexM0\ARM_GCC_473\Debug\PSoc4_Main.a(ADC_ACCELEROMETER.o)
 .debug_info    0x00002218       0xcc .\CortexM0\ARM_GCC_473\Debug\PSoc4_Main.a(ADC_ACCELEROMETER_INT.o)
 .debug_info    0x000022e4      0x622 .\CortexM0\ARM_GCC_473\Debug\PSoc4_Main.a(BLUE.o)
 .debug_info    0x00002906       0xfc .\CortexM0\ARM_GCC_473\Debug\PSoc4_Main.a(BLUE_INT.o)
 .debug_info    0x00002a02      0x169 .\CortexM0\ARM_GCC_473\Debug\PSoc4_Main.a(BLUE_IntClock.o)
 .debug_info    0x00002b6b       0xe3 .\CortexM0\ARM_GCC_473\Debug\PSoc4_Main.a(OutStatus.o)

.debug_abbrev   0x00000000      0xebf
 *(.debug_abbrev)
 .debug_abbrev  0x00000000      0x14b .\CortexM0\ARM_GCC_473\Debug\main.o
 .debug_abbrev  0x0000014b       0x5d .\CortexM0\ARM_GCC_473\Debug\cymetadata.o
 .debug_abbrev  0x000001a8      0x164 .\CortexM0\ARM_GCC_473\Debug\Cm0Start.o
 .debug_abbrev  0x0000030c      0x1d8 .\CortexM0\ARM_GCC_473\Debug\PSoc4_Main.a(cyfitter_cfg.o)
 .debug_abbrev  0x000004e4       0x14 .\CortexM0\ARM_GCC_473\Debug\PSoc4_Main.a(CyBootAsmGnu.o)
 .debug_abbrev  0x000004f8      0x1bc .\CortexM0\ARM_GCC_473\Debug\PSoc4_Main.a(CyLib.o)
 .debug_abbrev  0x000006b4       0xc5 .\CortexM0\ARM_GCC_473\Debug\PSoc4_Main.a(PSOC5.o)
 .debug_abbrev  0x00000779      0x151 .\CortexM0\ARM_GCC_473\Debug\PSoc4_Main.a(PSOC5_SPI_UART.o)
 .debug_abbrev  0x000008ca       0xee .\CortexM0\ARM_GCC_473\Debug\PSoc4_Main.a(PSOC5_UART.o)
 .debug_abbrev  0x000009b8      0x165 .\CortexM0\ARM_GCC_473\Debug\PSoc4_Main.a(ADC_ACCELEROMETER.o)
 .debug_abbrev  0x00000b1d       0x67 .\CortexM0\ARM_GCC_473\Debug\PSoc4_Main.a(ADC_ACCELEROMETER_INT.o)
 .debug_abbrev  0x00000b84      0x193 .\CortexM0\ARM_GCC_473\Debug\PSoc4_Main.a(BLUE.o)
 .debug_abbrev  0x00000d17       0x7b .\CortexM0\ARM_GCC_473\Debug\PSoc4_Main.a(BLUE_INT.o)
 .debug_abbrev  0x00000d92       0xaa .\CortexM0\ARM_GCC_473\Debug\PSoc4_Main.a(BLUE_IntClock.o)
 .debug_abbrev  0x00000e3c       0x83 .\CortexM0\ARM_GCC_473\Debug\PSoc4_Main.a(OutStatus.o)

.debug_line     0x00000000     0x154a
 *(.debug_line)
 .debug_line    0x00000000      0x124 .\CortexM0\ARM_GCC_473\Debug\main.o
 .debug_line    0x00000124       0x53 .\CortexM0\ARM_GCC_473\Debug\cymetadata.o
 .debug_line    0x00000177      0x199 .\CortexM0\ARM_GCC_473\Debug\Cm0Start.o
 .debug_line    0x00000310      0x209 .\CortexM0\ARM_GCC_473\Debug\PSoc4_Main.a(cyfitter_cfg.o)
 .debug_line    0x00000519       0x68 .\CortexM0\ARM_GCC_473\Debug\PSoc4_Main.a(CyBootAsmGnu.o)
 .debug_line    0x00000581      0x527 .\CortexM0\ARM_GCC_473\Debug\PSoc4_Main.a(CyLib.o)
 .debug_line    0x00000aa8       0xd7 .\CortexM0\ARM_GCC_473\Debug\PSoc4_Main.a(PSOC5.o)
 .debug_line    0x00000b7f      0x126 .\CortexM0\ARM_GCC_473\Debug\PSoc4_Main.a(PSOC5_SPI_UART.o)
 .debug_line    0x00000ca5      0x102 .\CortexM0\ARM_GCC_473\Debug\PSoc4_Main.a(PSOC5_UART.o)
 .debug_line    0x00000da7      0x23d .\CortexM0\ARM_GCC_473\Debug\PSoc4_Main.a(ADC_ACCELEROMETER.o)
 .debug_line    0x00000fe4       0x72 .\CortexM0\ARM_GCC_473\Debug\PSoc4_Main.a(ADC_ACCELEROMETER_INT.o)
 .debug_line    0x00001056      0x348 .\CortexM0\ARM_GCC_473\Debug\PSoc4_Main.a(BLUE.o)
 .debug_line    0x0000139e       0x86 .\CortexM0\ARM_GCC_473\Debug\PSoc4_Main.a(BLUE_INT.o)
 .debug_line    0x00001424       0xb2 .\CortexM0\ARM_GCC_473\Debug\PSoc4_Main.a(BLUE_IntClock.o)
 .debug_line    0x000014d6       0x74 .\CortexM0\ARM_GCC_473\Debug\PSoc4_Main.a(OutStatus.o)

.debug_frame    0x00000000     0x18f4
 *(.debug_frame)
 .debug_frame   0x00000000      0x120 .\CortexM0\ARM_GCC_473\Debug\main.o
 .debug_frame   0x00000120       0xa8 .\CortexM0\ARM_GCC_473\Debug\Cm0Start.o
 .debug_frame   0x000001c8      0x128 .\CortexM0\ARM_GCC_473\Debug\PSoc4_Main.a(cyfitter_cfg.o)
 .debug_frame   0x000002f0      0x600 .\CortexM0\ARM_GCC_473\Debug\PSoc4_Main.a(CyLib.o)
 .debug_frame   0x000008f0       0xd8 .\CortexM0\ARM_GCC_473\Debug\PSoc4_Main.a(PSOC5.o)
 .debug_frame   0x000009c8      0x128 .\CortexM0\ARM_GCC_473\Debug\PSoc4_Main.a(PSOC5_SPI_UART.o)
 .debug_frame   0x00000af0       0xec .\CortexM0\ARM_GCC_473\Debug\PSoc4_Main.a(PSOC5_UART.o)
 .debug_frame   0x00000bdc      0x24c .\CortexM0\ARM_GCC_473\Debug\PSoc4_Main.a(ADC_ACCELEROMETER.o)
 .debug_frame   0x00000e28       0x30 .\CortexM0\ARM_GCC_473\Debug\PSoc4_Main.a(ADC_ACCELEROMETER_INT.o)
 .debug_frame   0x00000e58      0x3ac .\CortexM0\ARM_GCC_473\Debug\PSoc4_Main.a(BLUE.o)
 .debug_frame   0x00001204       0x2c .\CortexM0\ARM_GCC_473\Debug\PSoc4_Main.a(BLUE_INT.o)
 .debug_frame   0x00001230       0xa0 .\CortexM0\ARM_GCC_473\Debug\PSoc4_Main.a(BLUE_IntClock.o)
 .debug_frame   0x000012d0       0x4c .\CortexM0\ARM_GCC_473\Debug\PSoc4_Main.a(OutStatus.o)
 .debug_frame   0x0000131c       0x20 c:/program files (x86)/cypress/psoc creator/3.0/psoc creator/import/gnu_cs/arm/4.7.3/bin/../lib/gcc/arm-none-eabi/4.7.3/armv6-m\libgcc.a(_udivsi3.o)
 .debug_frame   0x0000133c       0x20 c:/program files (x86)/cypress/psoc creator/3.0/psoc creator/import/gnu_cs/arm/4.7.3/bin/../lib/gcc/arm-none-eabi/4.7.3/armv6-m\libgcc.a(_divsi3.o)
 .debug_frame   0x0000135c       0x30 c:/program files (x86)/cypress/psoc creator/3.0/psoc creator/import/gnu_cs/arm/4.7.3/bin/../lib/gcc/arm-none-eabi/4.7.3/armv6-m\libgcc.a(_muldi3.o)
 .debug_frame   0x0000138c       0x60 c:/program files (x86)/cypress/psoc creator/3.0/psoc creator/import/gnu_cs/arm/4.7.3/bin/../lib/gcc/arm-none-eabi/4.7.3/armv6-m\libgcc.a(bpabi.o)
 .debug_frame   0x000013ec       0x3c c:/program files (x86)/cypress/psoc creator/3.0/psoc creator/import/gnu_cs/arm/4.7.3/bin/../lib/gcc/arm-none-eabi/4.7.3/armv6-m\libgcc.a(divsf3.o)
 .debug_frame   0x00001428       0x3c c:/program files (x86)/cypress/psoc creator/3.0/psoc creator/import/gnu_cs/arm/4.7.3/bin/../lib/gcc/arm-none-eabi/4.7.3/armv6-m\libgcc.a(mulsf3.o)
 .debug_frame   0x00001464       0x2c c:/program files (x86)/cypress/psoc creator/3.0/psoc creator/import/gnu_cs/arm/4.7.3/bin/../lib/gcc/arm-none-eabi/4.7.3/armv6-m\libgcc.a(floatsisf.o)
 .debug_frame   0x00001490       0x3c c:/program files (x86)/cypress/psoc creator/3.0/psoc creator/import/gnu_cs/arm/4.7.3/bin/../lib/gcc/arm-none-eabi/4.7.3/armv6-m\libgcc.a(_divdi3.o)
 .debug_frame   0x000014cc       0x3c c:/program files (x86)/cypress/psoc creator/3.0/psoc creator/import/gnu_cs/arm/4.7.3/bin/../lib/gcc/arm-none-eabi/4.7.3/armv6-m\libgcc.a(_udivdi3.o)
 .debug_frame   0x00001508       0x28 c:/program files (x86)/cypress/psoc creator/3.0/psoc creator/import/gnu_cs/arm/4.7.3/bin/../lib/gcc/arm-none-eabi/4.7.3/../../../../arm-none-eabi/lib/armv6-m\libc_s.a(lib_a-__atexit2.o)
 .debug_frame   0x00001530       0x28 c:/program files (x86)/cypress/psoc creator/3.0/psoc creator/import/gnu_cs/arm/4.7.3/bin/../lib/gcc/arm-none-eabi/4.7.3/../../../../arm-none-eabi/lib/armv6-m\libc_s.a(lib_a-exit.o)
 .debug_frame   0x00001558       0x2c c:/program files (x86)/cypress/psoc creator/3.0/psoc creator/import/gnu_cs/arm/4.7.3/bin/../lib/gcc/arm-none-eabi/4.7.3/../../../../arm-none-eabi/lib/armv6-m\libc_s.a(lib_a-fini.o)
 .debug_frame   0x00001584       0x2c c:/program files (x86)/cypress/psoc creator/3.0/psoc creator/import/gnu_cs/arm/4.7.3/bin/../lib/gcc/arm-none-eabi/4.7.3/../../../../arm-none-eabi/lib/armv6-m\libc_s.a(lib_a-init.o)
 .debug_frame   0x000015b0       0x28 c:/program files (x86)/cypress/psoc creator/3.0/psoc creator/import/gnu_cs/arm/4.7.3/bin/../lib/gcc/arm-none-eabi/4.7.3/../../../../arm-none-eabi/lib/armv6-m\libc_s.a(lib_a-memcpy.o)
 .debug_frame   0x000015d8       0x28 c:/program files (x86)/cypress/psoc creator/3.0/psoc creator/import/gnu_cs/arm/4.7.3/bin/../lib/gcc/arm-none-eabi/4.7.3/../../../../arm-none-eabi/lib/armv6-m\libc_s.a(lib_a-memset.o)
 .debug_frame   0x00001600       0x4c c:/program files (x86)/cypress/psoc creator/3.0/psoc creator/import/gnu_cs/arm/4.7.3/bin/../lib/gcc/arm-none-eabi/4.7.3/../../../../arm-none-eabi/lib/armv6-m\libc_s.a(lib_a-sprintf.o)
 .debug_frame   0x0000164c       0x20 c:/program files (x86)/cypress/psoc creator/3.0/psoc creator/import/gnu_cs/arm/4.7.3/bin/../lib/gcc/arm-none-eabi/4.7.3/../../../../arm-none-eabi/lib/armv6-m\libc_s.a(lib_a-strlen.o)
 .debug_frame   0x0000166c       0x78 c:/program files (x86)/cypress/psoc creator/3.0/psoc creator/import/gnu_cs/arm/4.7.3/bin/../lib/gcc/arm-none-eabi/4.7.3/../../../../arm-none-eabi/lib/armv6-m\libc_s.a(lib_a-svfprintf.o)
 .debug_frame   0x000016e4       0x54 c:/program files (x86)/cypress/psoc creator/3.0/psoc creator/import/gnu_cs/arm/4.7.3/bin/../lib/gcc/arm-none-eabi/4.7.3/../../../../arm-none-eabi/lib/armv6-m\libc_s.a(lib_a-vfprintf_i.o)
 .debug_frame   0x00001738       0x2c c:/program files (x86)/cypress/psoc creator/3.0/psoc creator/import/gnu_cs/arm/4.7.3/bin/../lib/gcc/arm-none-eabi/4.7.3/../../../../arm-none-eabi/lib/armv6-m\libc_s.a(lib_a-freer.o)
 .debug_frame   0x00001764       0x2c c:/program files (x86)/cypress/psoc creator/3.0/psoc creator/import/gnu_cs/arm/4.7.3/bin/../lib/gcc/arm-none-eabi/4.7.3/../../../../arm-none-eabi/lib/armv6-m\libc_s.a(lib_a-mallocr.o)
 .debug_frame   0x00001790       0x28 c:/program files (x86)/cypress/psoc creator/3.0/psoc creator/import/gnu_cs/arm/4.7.3/bin/../lib/gcc/arm-none-eabi/4.7.3/../../../../arm-none-eabi/lib/armv6-m\libc_s.a(lib_a-memchr.o)
 .debug_frame   0x000017b8       0x2c c:/program files (x86)/cypress/psoc creator/3.0/psoc creator/import/gnu_cs/arm/4.7.3/bin/../lib/gcc/arm-none-eabi/4.7.3/../../../../arm-none-eabi/lib/armv6-m\libc_s.a(lib_a-memmove.o)
 .debug_frame   0x000017e4       0x30 c:/program files (x86)/cypress/psoc creator/3.0/psoc creator/import/gnu_cs/arm/4.7.3/bin/../lib/gcc/arm-none-eabi/4.7.3/../../../../arm-none-eabi/lib/armv6-m\libc_s.a(lib_a-reallocr.o)
 .debug_frame   0x00001814       0x2c c:/program files (x86)/cypress/psoc creator/3.0/psoc creator/import/gnu_cs/arm/4.7.3/bin/../lib/gcc/arm-none-eabi/4.7.3/../../../../arm-none-eabi/lib/armv6-m\libc_s.a(lib_a-sbrkr.o)
 .debug_frame   0x00001840       0x28 c:/program files (x86)/cypress/psoc creator/3.0/psoc creator/import/gnu_cs/arm/4.7.3/bin/../lib/gcc/arm-none-eabi/4.7.3/../../../../arm-none-eabi/lib/armv6-m\libc_s.a(lib_a-msizer.o)
 .debug_frame   0x00001868       0x64 c:/program files (x86)/cypress/psoc creator/3.0/psoc creator/import/gnu_cs/arm/4.7.3/bin/../lib/gcc/arm-none-eabi/4.7.3/../../../../arm-none-eabi/lib/armv6-m\libc_s.a(lib_a-reent.o)
 .debug_frame   0x000018cc       0x28 c:/program files (x86)/cypress/psoc creator/3.0/psoc creator/import/gnu_cs/arm/4.7.3/bin/../lib/gcc/arm-none-eabi/4.7.3/../../../../arm-none-eabi/lib/armv6-m\libnosys.a(sbrk.o)

.debug_str      0x00000000     0x14f5
 *(.debug_str)
 .debug_str     0x00000000      0x1f7 .\CortexM0\ARM_GCC_473\Debug\main.o
                                0x230 (size before relaxing)
 .debug_str     0x000001f7       0x61 .\CortexM0\ARM_GCC_473\Debug\cymetadata.o
                                0x180 (size before relaxing)
 .debug_str     0x00000258      0x109 .\CortexM0\ARM_GCC_473\Debug\Cm0Start.o
                                0x249 (size before relaxing)
 .debug_str     0x00000361      0x20c .\CortexM0\ARM_GCC_473\Debug\PSoc4_Main.a(cyfitter_cfg.o)
                                0x382 (size before relaxing)
 .debug_str     0x0000056d      0x4da .\CortexM0\ARM_GCC_473\Debug\PSoc4_Main.a(CyLib.o)
                                0x641 (size before relaxing)
 .debug_str     0x00000a47       0xc1 .\CortexM0\ARM_GCC_473\Debug\PSoc4_Main.a(PSOC5.o)
                                0x200 (size before relaxing)
 .debug_str     0x00000b08      0x145 .\CortexM0\ARM_GCC_473\Debug\PSoc4_Main.a(PSOC5_SPI_UART.o)
                                0x282 (size before relaxing)
 .debug_str     0x00000c4d       0xe6 .\CortexM0\ARM_GCC_473\Debug\PSoc4_Main.a(PSOC5_UART.o)
                                0x23a (size before relaxing)
 .debug_str     0x00000d33      0x337 .\CortexM0\ARM_GCC_473\Debug\PSoc4_Main.a(ADC_ACCELEROMETER.o)
                                0x49d (size before relaxing)
 .debug_str     0x0000106a       0x53 .\CortexM0\ARM_GCC_473\Debug\PSoc4_Main.a(ADC_ACCELEROMETER_INT.o)
                                0x17f (size before relaxing)
 .debug_str     0x000010bd      0x2d6 .\CortexM0\ARM_GCC_473\Debug\PSoc4_Main.a(BLUE.o)
                                0x442 (size before relaxing)
 .debug_str     0x00001393       0x2f .\CortexM0\ARM_GCC_473\Debug\PSoc4_Main.a(BLUE_INT.o)
                                0x18c (size before relaxing)
 .debug_str     0x000013c2       0xef .\CortexM0\ARM_GCC_473\Debug\PSoc4_Main.a(BLUE_IntClock.o)
                                0x21f (size before relaxing)
 .debug_str     0x000014b1       0x44 .\CortexM0\ARM_GCC_473\Debug\PSoc4_Main.a(OutStatus.o)
                                0x16d (size before relaxing)

.debug_loc      0x00000000     0x1e9c
 *(.debug_loc)
 .debug_loc     0x00000000      0x1bc .\CortexM0\ARM_GCC_473\Debug\main.o
 .debug_loc     0x000001bc      0x100 .\CortexM0\ARM_GCC_473\Debug\Cm0Start.o
 .debug_loc     0x000002bc      0x1e0 .\CortexM0\ARM_GCC_473\Debug\PSoc4_Main.a(cyfitter_cfg.o)
 .debug_loc     0x0000049c      0x9fc .\CortexM0\ARM_GCC_473\Debug\PSoc4_Main.a(CyLib.o)
 .debug_loc     0x00000e98      0x140 .\CortexM0\ARM_GCC_473\Debug\PSoc4_Main.a(PSOC5.o)
 .debug_loc     0x00000fd8      0x1e0 .\CortexM0\ARM_GCC_473\Debug\PSoc4_Main.a(PSOC5_SPI_UART.o)
 .debug_loc     0x000011b8      0x17c .\CortexM0\ARM_GCC_473\Debug\PSoc4_Main.a(PSOC5_UART.o)
 .debug_loc     0x00001334      0x3b4 .\CortexM0\ARM_GCC_473\Debug\PSoc4_Main.a(ADC_ACCELEROMETER.o)
 .debug_loc     0x000016e8       0x38 .\CortexM0\ARM_GCC_473\Debug\PSoc4_Main.a(ADC_ACCELEROMETER_INT.o)
 .debug_loc     0x00001720      0x604 .\CortexM0\ARM_GCC_473\Debug\PSoc4_Main.a(BLUE.o)
 .debug_loc     0x00001d24       0x2c .\CortexM0\ARM_GCC_473\Debug\PSoc4_Main.a(BLUE_INT.o)
 .debug_loc     0x00001d50       0xe8 .\CortexM0\ARM_GCC_473\Debug\PSoc4_Main.a(BLUE_IntClock.o)
 .debug_loc     0x00001e38       0x64 .\CortexM0\ARM_GCC_473\Debug\PSoc4_Main.a(OutStatus.o)

.debug_macinfo
 *(.debug_macinfo)

.debug_ranges   0x00000000      0x518
 *(.debug_ranges)
 .debug_ranges  0x00000000       0x50 .\CortexM0\ARM_GCC_473\Debug\main.o
 .debug_ranges  0x00000050       0x30 .\CortexM0\ARM_GCC_473\Debug\Cm0Start.o
 .debug_ranges  0x00000080       0x50 .\CortexM0\ARM_GCC_473\Debug\PSoc4_Main.a(cyfitter_cfg.o)
 .debug_ranges  0x000000d0      0x188 .\CortexM0\ARM_GCC_473\Debug\PSoc4_Main.a(CyLib.o)
 .debug_ranges  0x00000258       0x40 .\CortexM0\ARM_GCC_473\Debug\PSoc4_Main.a(PSOC5.o)
 .debug_ranges  0x00000298       0x50 .\CortexM0\ARM_GCC_473\Debug\PSoc4_Main.a(PSOC5_SPI_UART.o)
 .debug_ranges  0x000002e8       0x40 .\CortexM0\ARM_GCC_473\Debug\PSoc4_Main.a(PSOC5_UART.o)
 .debug_ranges  0x00000328       0x98 .\CortexM0\ARM_GCC_473\Debug\PSoc4_Main.a(ADC_ACCELEROMETER.o)
 .debug_ranges  0x000003c0       0x10 .\CortexM0\ARM_GCC_473\Debug\PSoc4_Main.a(ADC_ACCELEROMETER_INT.o)
 .debug_ranges  0x000003d0       0xf0 .\CortexM0\ARM_GCC_473\Debug\PSoc4_Main.a(BLUE.o)
 .debug_ranges  0x000004c0       0x10 .\CortexM0\ARM_GCC_473\Debug\PSoc4_Main.a(BLUE_INT.o)
 .debug_ranges  0x000004d0       0x30 .\CortexM0\ARM_GCC_473\Debug\PSoc4_Main.a(BLUE_IntClock.o)
 .debug_ranges  0x00000500       0x18 .\CortexM0\ARM_GCC_473\Debug\PSoc4_Main.a(OutStatus.o)

.comment        0x00000000       0x70
 .comment       0x00000000       0x70 .\CortexM0\ARM_GCC_473\Debug\main.o
                                 0x71 (size before relaxing)
 .comment       0x00000000       0x71 .\CortexM0\ARM_GCC_473\Debug\cymetadata.o
 .comment       0x00000000       0x71 .\CortexM0\ARM_GCC_473\Debug\Cm0Start.o
 .comment       0x00000000       0x71 .\CortexM0\ARM_GCC_473\Debug\PSoc4_Main.a(cyfitter_cfg.o)
 .comment       0x00000000       0x71 .\CortexM0\ARM_GCC_473\Debug\PSoc4_Main.a(CyLib.o)
 .comment       0x00000000       0x71 .\CortexM0\ARM_GCC_473\Debug\PSoc4_Main.a(PSOC5.o)
 .comment       0x00000000       0x71 .\CortexM0\ARM_GCC_473\Debug\PSoc4_Main.a(PSOC5_SPI_UART.o)
 .comment       0x00000000       0x71 .\CortexM0\ARM_GCC_473\Debug\PSoc4_Main.a(PSOC5_UART.o)
 .comment       0x00000000       0x71 .\CortexM0\ARM_GCC_473\Debug\PSoc4_Main.a(ADC_ACCELEROMETER.o)
 .comment       0x00000000       0x71 .\CortexM0\ARM_GCC_473\Debug\PSoc4_Main.a(ADC_ACCELEROMETER_INT.o)
 .comment       0x00000000       0x71 .\CortexM0\ARM_GCC_473\Debug\PSoc4_Main.a(BLUE.o)
 .comment       0x00000000       0x71 .\CortexM0\ARM_GCC_473\Debug\PSoc4_Main.a(BLUE_INT.o)
 .comment       0x00000000       0x71 .\CortexM0\ARM_GCC_473\Debug\PSoc4_Main.a(BLUE_IntClock.o)
 .comment       0x00000000       0x71 .\CortexM0\ARM_GCC_473\Debug\PSoc4_Main.a(OutStatus.o)

.debug_weaknames
 *(.debug_weaknames)

.debug_funcnames
 *(.debug_funcnames)

.debug_typenames
 *(.debug_typenames)

.debug_varnames
 *(.debug_varnames)

.note.gnu.arm.ident
 *(.note.gnu.arm.ident)

.ARM.attributes
                0x00000000       0x28
 *(.ARM.attributes)
 .ARM.attributes
                0x00000000       0x1e c:/program files (x86)/cypress/psoc creator/3.0/psoc creator/import/gnu_cs/arm/4.7.3/bin/../lib/gcc/arm-none-eabi/4.7.3/armv6-m/crti.o
 .ARM.attributes
                0x0000001e       0x2c c:/program files (x86)/cypress/psoc creator/3.0/psoc creator/import/gnu_cs/arm/4.7.3/bin/../lib/gcc/arm-none-eabi/4.7.3/armv6-m/crtbegin.o
 .ARM.attributes
                0x0000004a       0x1c c:/program files (x86)/cypress/psoc creator/3.0/psoc creator/import/gnu_cs/arm/4.7.3/bin/../lib/gcc/arm-none-eabi/4.7.3/../../../../arm-none-eabi/lib/armv6-m/crt0.o
 .ARM.attributes
                0x00000066       0x31 .\CortexM0\ARM_GCC_473\Debug\main.o
 .ARM.attributes
                0x00000097       0x31 .\CortexM0\ARM_GCC_473\Debug\cymetadata.o
 .ARM.attributes
                0x000000c8       0x31 .\CortexM0\ARM_GCC_473\Debug\Cm0Start.o
 .ARM.attributes
                0x000000f9       0x31 .\CortexM0\ARM_GCC_473\Debug\PSoc4_Main.a(cyfitter_cfg.o)
 .ARM.attributes
                0x0000012a       0x21 .\CortexM0\ARM_GCC_473\Debug\PSoc4_Main.a(CyBootAsmGnu.o)
 .ARM.attributes
                0x0000014b       0x31 .\CortexM0\ARM_GCC_473\Debug\PSoc4_Main.a(CyLib.o)
 .ARM.attributes
                0x0000017c       0x31 .\CortexM0\ARM_GCC_473\Debug\PSoc4_Main.a(PSOC5.o)
 .ARM.attributes
                0x000001ad       0x31 .\CortexM0\ARM_GCC_473\Debug\PSoc4_Main.a(PSOC5_SPI_UART.o)
 .ARM.attributes
                0x000001de       0x31 .\CortexM0\ARM_GCC_473\Debug\PSoc4_Main.a(PSOC5_UART.o)
 .ARM.attributes
                0x0000020f       0x31 .\CortexM0\ARM_GCC_473\Debug\PSoc4_Main.a(ADC_ACCELEROMETER.o)
 .ARM.attributes
                0x00000240       0x31 .\CortexM0\ARM_GCC_473\Debug\PSoc4_Main.a(ADC_ACCELEROMETER_INT.o)
 .ARM.attributes
                0x00000271       0x31 .\CortexM0\ARM_GCC_473\Debug\PSoc4_Main.a(BLUE.o)
 .ARM.attributes
                0x000002a2       0x31 .\CortexM0\ARM_GCC_473\Debug\PSoc4_Main.a(BLUE_INT.o)
 .ARM.attributes
                0x000002d3       0x31 .\CortexM0\ARM_GCC_473\Debug\PSoc4_Main.a(BLUE_IntClock.o)
 .ARM.attributes
                0x00000304       0x31 .\CortexM0\ARM_GCC_473\Debug\PSoc4_Main.a(OutStatus.o)
 .ARM.attributes
                0x00000335       0x1e c:/program files (x86)/cypress/psoc creator/3.0/psoc creator/import/gnu_cs/arm/4.7.3/bin/../lib/gcc/arm-none-eabi/4.7.3/armv6-m\libgcc.a(_udivsi3.o)
 .ARM.attributes
                0x00000353       0x1e c:/program files (x86)/cypress/psoc creator/3.0/psoc creator/import/gnu_cs/arm/4.7.3/bin/../lib/gcc/arm-none-eabi/4.7.3/armv6-m\libgcc.a(_divsi3.o)
 .ARM.attributes
                0x00000371       0x1e c:/program files (x86)/cypress/psoc creator/3.0/psoc creator/import/gnu_cs/arm/4.7.3/bin/../lib/gcc/arm-none-eabi/4.7.3/armv6-m\libgcc.a(_dvmd_tls.o)
 .ARM.attributes
                0x0000038f       0x1e c:/program files (x86)/cypress/psoc creator/3.0/psoc creator/import/gnu_cs/arm/4.7.3/bin/../lib/gcc/arm-none-eabi/4.7.3/armv6-m\libgcc.a(_aeabi_ldivmod.o)
 .ARM.attributes
                0x000003ad       0x2c c:/program files (x86)/cypress/psoc creator/3.0/psoc creator/import/gnu_cs/arm/4.7.3/bin/../lib/gcc/arm-none-eabi/4.7.3/armv6-m\libgcc.a(_muldi3.o)
 .ARM.attributes
                0x000003d9       0x2c c:/program files (x86)/cypress/psoc creator/3.0/psoc creator/import/gnu_cs/arm/4.7.3/bin/../lib/gcc/arm-none-eabi/4.7.3/armv6-m\libgcc.a(bpabi.o)
 .ARM.attributes
                0x00000405       0x2c c:/program files (x86)/cypress/psoc creator/3.0/psoc creator/import/gnu_cs/arm/4.7.3/bin/../lib/gcc/arm-none-eabi/4.7.3/armv6-m\libgcc.a(divsf3.o)
 .ARM.attributes
                0x00000431       0x2c c:/program files (x86)/cypress/psoc creator/3.0/psoc creator/import/gnu_cs/arm/4.7.3/bin/../lib/gcc/arm-none-eabi/4.7.3/armv6-m\libgcc.a(mulsf3.o)
 .ARM.attributes
                0x0000045d       0x2c c:/program files (x86)/cypress/psoc creator/3.0/psoc creator/import/gnu_cs/arm/4.7.3/bin/../lib/gcc/arm-none-eabi/4.7.3/armv6-m\libgcc.a(floatsisf.o)
 .ARM.attributes
                0x00000489       0x1e c:/program files (x86)/cypress/psoc creator/3.0/psoc creator/import/gnu_cs/arm/4.7.3/bin/../lib/gcc/arm-none-eabi/4.7.3/armv6-m\libgcc.a(_clzsi2.o)
 .ARM.attributes
                0x000004a7       0x2c c:/program files (x86)/cypress/psoc creator/3.0/psoc creator/import/gnu_cs/arm/4.7.3/bin/../lib/gcc/arm-none-eabi/4.7.3/armv6-m\libgcc.a(_divdi3.o)
 .ARM.attributes
                0x000004d3       0x2c c:/program files (x86)/cypress/psoc creator/3.0/psoc creator/import/gnu_cs/arm/4.7.3/bin/../lib/gcc/arm-none-eabi/4.7.3/armv6-m\libgcc.a(_udivdi3.o)
 .ARM.attributes
                0x000004ff       0x2c c:/program files (x86)/cypress/psoc creator/3.0/psoc creator/import/gnu_cs/arm/4.7.3/bin/../lib/gcc/arm-none-eabi/4.7.3/../../../../arm-none-eabi/lib/armv6-m\libc_s.a(lib_a-__atexit2.o)
 .ARM.attributes
                0x0000052b       0x2c c:/program files (x86)/cypress/psoc creator/3.0/psoc creator/import/gnu_cs/arm/4.7.3/bin/../lib/gcc/arm-none-eabi/4.7.3/../../../../arm-none-eabi/lib/armv6-m\libc_s.a(lib_a-exit.o)
 .ARM.attributes
                0x00000557       0x2c c:/program files (x86)/cypress/psoc creator/3.0/psoc creator/import/gnu_cs/arm/4.7.3/bin/../lib/gcc/arm-none-eabi/4.7.3/../../../../arm-none-eabi/lib/armv6-m\libc_s.a(lib_a-fini.o)
 .ARM.attributes
                0x00000583       0x2c c:/program files (x86)/cypress/psoc creator/3.0/psoc creator/import/gnu_cs/arm/4.7.3/bin/../lib/gcc/arm-none-eabi/4.7.3/../../../../arm-none-eabi/lib/armv6-m\libc_s.a(lib_a-impure.o)
 .ARM.attributes
                0x000005af       0x2c c:/program files (x86)/cypress/psoc creator/3.0/psoc creator/import/gnu_cs/arm/4.7.3/bin/../lib/gcc/arm-none-eabi/4.7.3/../../../../arm-none-eabi/lib/armv6-m\libc_s.a(lib_a-init.o)
 .ARM.attributes
                0x000005db       0x2c c:/program files (x86)/cypress/psoc creator/3.0/psoc creator/import/gnu_cs/arm/4.7.3/bin/../lib/gcc/arm-none-eabi/4.7.3/../../../../arm-none-eabi/lib/armv6-m\libc_s.a(lib_a-memcpy.o)
 .ARM.attributes
                0x00000607       0x2c c:/program files (x86)/cypress/psoc creator/3.0/psoc creator/import/gnu_cs/arm/4.7.3/bin/../lib/gcc/arm-none-eabi/4.7.3/../../../../arm-none-eabi/lib/armv6-m\libc_s.a(lib_a-memset.o)
 .ARM.attributes
                0x00000633       0x2c c:/program files (x86)/cypress/psoc creator/3.0/psoc creator/import/gnu_cs/arm/4.7.3/bin/../lib/gcc/arm-none-eabi/4.7.3/../../../../arm-none-eabi/lib/armv6-m\libc_s.a(lib_a-sprintf.o)
 .ARM.attributes
                0x0000065f       0x2c c:/program files (x86)/cypress/psoc creator/3.0/psoc creator/import/gnu_cs/arm/4.7.3/bin/../lib/gcc/arm-none-eabi/4.7.3/../../../../arm-none-eabi/lib/armv6-m\libc_s.a(lib_a-strlen.o)
 .ARM.attributes
                0x0000068b       0x2c c:/program files (x86)/cypress/psoc creator/3.0/psoc creator/import/gnu_cs/arm/4.7.3/bin/../lib/gcc/arm-none-eabi/4.7.3/../../../../arm-none-eabi/lib/armv6-m\libc_s.a(lib_a-svfprintf.o)
 .ARM.attributes
                0x000006b7       0x2c c:/program files (x86)/cypress/psoc creator/3.0/psoc creator/import/gnu_cs/arm/4.7.3/bin/../lib/gcc/arm-none-eabi/4.7.3/../../../../arm-none-eabi/lib/armv6-m\libc_s.a(lib_a-vfprintf_i.o)
 .ARM.attributes
                0x000006e3       0x2c c:/program files (x86)/cypress/psoc creator/3.0/psoc creator/import/gnu_cs/arm/4.7.3/bin/../lib/gcc/arm-none-eabi/4.7.3/../../../../arm-none-eabi/lib/armv6-m\libc_s.a(lib_a-freer.o)
 .ARM.attributes
                0x0000070f       0x2c c:/program files (x86)/cypress/psoc creator/3.0/psoc creator/import/gnu_cs/arm/4.7.3/bin/../lib/gcc/arm-none-eabi/4.7.3/../../../../arm-none-eabi/lib/armv6-m\libc_s.a(lib_a-mallocr.o)
 .ARM.attributes
                0x0000073b       0x2c c:/program files (x86)/cypress/psoc creator/3.0/psoc creator/import/gnu_cs/arm/4.7.3/bin/../lib/gcc/arm-none-eabi/4.7.3/../../../../arm-none-eabi/lib/armv6-m\libc_s.a(lib_a-memchr.o)
 .ARM.attributes
                0x00000767       0x2c c:/program files (x86)/cypress/psoc creator/3.0/psoc creator/import/gnu_cs/arm/4.7.3/bin/../lib/gcc/arm-none-eabi/4.7.3/../../../../arm-none-eabi/lib/armv6-m\libc_s.a(lib_a-memmove.o)
 .ARM.attributes
                0x00000793       0x2c c:/program files (x86)/cypress/psoc creator/3.0/psoc creator/import/gnu_cs/arm/4.7.3/bin/../lib/gcc/arm-none-eabi/4.7.3/../../../../arm-none-eabi/lib/armv6-m\libc_s.a(lib_a-reallocr.o)
 .ARM.attributes
                0x000007bf       0x2c c:/program files (x86)/cypress/psoc creator/3.0/psoc creator/import/gnu_cs/arm/4.7.3/bin/../lib/gcc/arm-none-eabi/4.7.3/../../../../arm-none-eabi/lib/armv6-m\libc_s.a(lib_a-sbrkr.o)
 .ARM.attributes
                0x000007eb       0x2c c:/program files (x86)/cypress/psoc creator/3.0/psoc creator/import/gnu_cs/arm/4.7.3/bin/../lib/gcc/arm-none-eabi/4.7.3/../../../../arm-none-eabi/lib/armv6-m\libc_s.a(lib_a-msizer.o)
 .ARM.attributes
                0x00000817       0x2c c:/program files (x86)/cypress/psoc creator/3.0/psoc creator/import/gnu_cs/arm/4.7.3/bin/../lib/gcc/arm-none-eabi/4.7.3/../../../../arm-none-eabi/lib/armv6-m\libc_s.a(lib_a-reent.o)
 .ARM.attributes
                0x00000843       0x2c c:/program files (x86)/cypress/psoc creator/3.0/psoc creator/import/gnu_cs/arm/4.7.3/bin/../lib/gcc/arm-none-eabi/4.7.3/armv6-m/crtend.o
 .ARM.attributes
                0x0000086f       0x1e c:/program files (x86)/cypress/psoc creator/3.0/psoc creator/import/gnu_cs/arm/4.7.3/bin/../lib/gcc/arm-none-eabi/4.7.3/armv6-m/crtn.o
 .ARM.attributes
                0x0000088d       0x2c c:/program files (x86)/cypress/psoc creator/3.0/psoc creator/import/gnu_cs/arm/4.7.3/bin/../lib/gcc/arm-none-eabi/4.7.3/../../../../arm-none-eabi/lib/armv6-m\libnosys.a(sbrk.o)

/DISCARD/
 *(.note.GNU-stack)
OUTPUT(.\CortexM0\ARM_GCC_473\Debug\PSoc4_Main.elf elf32-littlearm)
